[14:20:02] This is prokka 1.15.6
[14:20:02] Written by Torsten Seemann <torsten.seemann@gmail.com>
[14:20:02] Homepage is https://github.com/tseemann/prokka
[14:20:02] Local time is Tue Aug 18 14:20:02 2026
[14:20:02] You are root
[14:20:02] Operating system is linux
[14:20:02] You have BioPerl 1.7.8
[14:20:02] System has 16 cores.
[14:20:02] Will use maximum of 4 cores.
[14:20:02] Annotating as >>> Bacteria <<<
[14:20:02] Generating locus_tag from '10_pangenome/genomes/NR5632.fasta' contents.
[14:20:02] Setting --locustag KGLDIDPM from MD5 405d2d9675d06f09ce199528bc328805
[14:20:02] Creating new output folder: 10_pangenome/annotations/NR5632
[14:20:02] Running: mkdir -p 10_pangenome\/annotations\/NR5632
[14:20:02] Using filename prefix: NR5632.XXX
[14:20:02] Setting HMMER_NCPU=1
[14:20:02] Writing log to: 10_pangenome/annotations/NR5632/NR5632.log
[14:20:02] Command: /root/miniconda3/envs/prokka_env/bin/prokka --outdir 10_pangenome/annotations/NR5632 --prefix NR5632 --genus Klebsiella --species pneumoniae --strain NR5632 --cpus 4 10_pangenome/genomes/NR5632.fasta
[14:20:02] Looking for 'aragorn' - found /root/miniconda3/envs/prokka_env/bin/aragorn
[14:20:02] Determined aragorn version is v1.2 from 'ARAGORN v1.2.41 Dean Laslett'
[14:20:02] Looking for 'barrnap' - found /root/miniconda3/envs/prokka_env/bin/barrnap
[14:20:03] Determined barrnap version is v1.10 from 'barrnap 1.10.5'
[14:20:03] Looking for 'blastp' - found /root/miniconda3/envs/prokka_env/bin/blastp
[14:20:04] Determined blastp version is v2.17 from 'blastp: 2.17.0+'
[14:20:04] Looking for 'cmpress' - found /root/miniconda3/envs/prokka_env/bin/cmpress
[14:20:04] Determined cmpress version is v1.1 from '# INFERNAL 1.1.5 (Sep 2023)'
[14:20:04] Looking for 'cmscan' - found /root/miniconda3/envs/prokka_env/bin/cmscan
[14:20:04] Determined cmscan version is v1.1 from '# INFERNAL 1.1.5 (Sep 2023)'
[14:20:04] Looking for 'egrep' - found /usr/bin/egrep
[14:20:04] Looking for 'find' - found /usr/bin/find
[14:20:04] Looking for 'grep' - found /usr/bin/grep
[14:20:04] Looking for 'hmmpress' - found /root/miniconda3/envs/prokka_env/bin/hmmpress
[14:20:04] Determined hmmpress version is v3.4 from '# HMMER 3.4 (Aug 2023); http://hmmer.org/'
[14:20:04] Looking for 'hmmscan' - found /root/miniconda3/envs/prokka_env/bin/hmmscan
[14:20:04] Determined hmmscan version is v3.4 from '# HMMER 3.4 (Aug 2023); http://hmmer.org/'
[14:20:04] Looking for 'java' - found /root/miniconda3/envs/prokka_env/bin/java
[14:20:04] Looking for 'makeblastdb' - found /root/miniconda3/envs/prokka_env/bin/makeblastdb
[14:20:04] Determined makeblastdb version is v2.17 from 'makeblastdb: 2.17.0+'
[14:20:04] Looking for 'minced' - found /root/miniconda3/envs/prokka_env/bin/minced
[14:20:05] Determined minced version is v4.2 from 'minced 0.4.2'
[14:20:05] Looking for 'parallel' - found /root/miniconda3/envs/prokka_env/bin/parallel
[14:20:06] Determined parallel version is 20260722 from 'GNU parallel 20260722'
[14:20:06] Looking for 'prodigal' - found /root/miniconda3/envs/prokka_env/bin/prodigal
[14:20:06] Determined prodigal version is v2.6 from 'Prodigal V2.6.3: February, 2016'
[14:20:06] Looking for 'prokka-genbank_to_fasta_db' - found /root/miniconda3/envs/prokka_env/bin/prokka-genbank_to_fasta_db
[14:20:06] Looking for 'sed' - found /usr/bin/sed
[14:20:06] Looking for 'tbl2asn' - found /root/miniconda3/envs/prokka_env/bin/tbl2asn
[14:20:06] Determined tbl2asn version is v25.7 from 'tbl2asn 25.7   arguments:'
[14:20:06] Using genetic code table 11.
[14:20:06] Loading and checking input file: 10_pangenome/genomes/NR5632.fasta
[14:20:08] Wrote 3 contigs totalling 5741903 bp.
[14:20:08] Predicting tRNAs and tmRNAs
[14:20:08] Running: aragorn -l -gc11  -w 10_pangenome\/annotations\/NR5632\/NR5632\.fna
[14:20:19] 1 tRNA-SeC c[89031,89125] 35 (tca)
[14:20:19] 2 tRNA-Pro [267538,267614] 35 (cgg)
[14:20:19] 3 tRNA-Thr [505523,505598] 34 (ggt)
[14:20:19] 4 tRNA-Leu [605942,606028] 35 (gag)
[14:20:19] 5 tRNA-Met [609959,610035] 35 (cat)
[14:20:19] 6 tRNA-Met c[715610,715685] 34 (cat)
[14:20:19] 7 tRNA-Phe c[786590,786665] 34 (gaa)
[14:20:19] 8 tRNA-Gly [871127,871200] 33 (ccc)
[14:20:19] 9 tRNA-Met c[1033341,1033417] 35 (cat)
[14:20:19] 10 tRNA-Met c[1033450,1033526] 35 (cat)
[14:20:19] 11 tRNA-Met c[1033560,1033636] 35 (cat)
[14:20:19] 12 tRNA-Ser [1198734,1198826] 35 (gct)
[14:20:19] 13 tRNA-Arg [1198831,1198907] 35 (acg)
[14:20:19] 14 tRNA-Arg [1199058,1199134] 35 (acg)
[14:20:19] 15 tmRNA c[1234235,1234597] 90,125 ANDENYALAA**
[14:20:19] 16 tRNA-Glu [1263097,1263172] 35 (ttc)
[14:20:19] 17 tRNA-Lys c[1496769,1496844] 34 (ttt)
[14:20:19] 18 tRNA-Val c[1496849,1496924] 34 (tac)
[14:20:19] 19 tRNA-Val c[1496971,1497046] 34 (tac)
[14:20:19] 20 tRNA-Val c[1497092,1497167] 34 (tac)
[14:20:19] 21 tRNA-Ala [1499866,1499941] 34 (ggc)
[14:20:19] 22 tRNA-Ala [1499983,1500058] 34 (ggc)
[14:20:19] 23 tRNA-Arg c[1557932,1558006] 34 (cct)
[14:20:19] 24 tRNA-Pro c[1714332,1714408] 35 (ggg)
[14:20:19] 25 tRNA-Asn c[1921341,1921416] 34 (gtt)
[14:20:19] 26 tRNA-Asn [1923174,1923249] 34 (gtt)
[14:20:19] 27 tRNA-Asn c[1932097,1932172] 34 (gtt)
[14:20:19] 28 tRNA-Asn c[1937816,1937891] 34 (gtt)
[14:20:19] 29 tRNA-Ser [1938883,1938972] 35 (cga)
[14:20:19] 30 tRNA-Gly [1960078,1960153] 34 (gcc)
[14:20:19] 31 tRNA-Cys [1960194,1960267] 33 (gca)
[14:20:19] 32 tRNA-Leu [1960281,1960367] 35 (taa)
[14:20:19] 33 tRNA-Thr [2004023,2004098] 34 (tgt)
[14:20:19] 34 tRNA-Arg [2004104,2004180] 35 (tct)
[14:20:19] 35 tRNA-Tyr c[2215252,2215336] 35 (gta)
[14:20:19] 36 tRNA-Tyr c[2215552,2215636] 35 (gta)
[14:20:19] 37 tRNA-Val c[2424133,2424209] 35 (gac)
[14:20:19] 38 tRNA-Val c[2424214,2424290] 35 (gac)
[14:20:19] 39 tRNA-Val c[2424295,2424371] 35 (gac)
[14:20:19] 40 tRNA-Ser [3351743,3351830] 35 (gga)
[14:20:19] 41 tRNA-Ser [3356802,3356889] 35 (gga)
[14:20:19] 42 tRNA-Ser c[3400888,3400975] 35 (tga)
[14:20:19] 43 tRNA-Gln c[3737827,3737901] 33 (ctg)
[14:20:19] 44 tRNA-Gln c[3737977,3738051] 33 (ctg)
[14:20:19] 45 tRNA-Met c[3738099,3738175] 35 (cat)
[14:20:19] 46 tRNA-Gln c[3738199,3738273] 33 (ttg)
[14:20:19] 47 tRNA-Gln c[3738310,3738384] 33 (ttg)
[14:20:19] 48 tRNA-Leu c[3738408,3738492] 35 (tag)
[14:20:19] 49 tRNA-Met c[3738501,3738577] 35 (cat)
[14:20:19] 50 tRNA-Lys [3797197,3797272] 34 (ttt)
[14:20:19] 51 tRNA-Val [3797398,3797473] 34 (tac)
[14:20:19] 52 tRNA-Lys [3797476,3797551] 34 (ttt)
[14:20:19] 53 tRNA-Val [3797701,3797776] 34 (tac)
[14:20:19] 54 tRNA-Lys [3797780,3797855] 34 (ttt)
[14:20:19] 55 tRNA-Lys [3798002,3798077] 34 (ttt)
[14:20:19] 56 tRNA-Lys [3798210,3798285] 34 (ttt)
[14:20:19] 57 tRNA-Arg c[4012494,4012570] 35 (tct)
[14:20:19] 58 tRNA-Thr [4227650,4227725] 34 (cgt)
[14:20:19] 59 tRNA-Asp c[4302318,4302394] 35 (gtc)
[14:20:19] 60 tRNA-Asp c[4311771,4311847] 35 (gtc)
[14:20:19] 61 tRNA-Ala c[4315188,4315263] 34 (tgc)
[14:20:19] 62 tRNA-Ile c[4315369,4315445] 35 (gat)
[14:20:19] 63 tRNA-Leu [4596967,4597053] 35 (cag)
[14:20:19] 64 tRNA-Leu [4597082,4597168] 35 (cag)
[14:20:19] 65 tRNA-Leu [4597200,4597286] 35 (cag)
[14:20:19] 66 tRNA-Glu c[4697192,4697267] 35 (ttc)
[14:20:19] 67 tRNA-Phe c[4720813,4720888] 34 (gaa)
[14:20:19] 68 tRNA-Gly [4762177,4762252] 34 (gcc)
[14:20:19] 69 tRNA-Gly [4762321,4762396] 34 (gcc)
[14:20:19] 70 tRNA-Gly [4762469,4762544] 34 (gcc)
[14:20:19] 71 tRNA-Leu [4901573,4901657] 35 (caa)
[14:20:19] 72 tRNA-Glu c[5094932,5095007] 35 (ttc)
[14:20:19] 73 tRNA-Thr c[5132431,5132506] 34 (ggt)
[14:20:19] 74 tRNA-Gly c[5132512,5132586] 34 (tcc)
[14:20:19] 75 tRNA-Tyr c[5132702,5132786] 35 (gta)
[14:20:20] 76 tRNA-Thr c[5132797,5132872] 34 (tgt)
[14:20:20] 77 tRNA-Ala c[5139965,5140040] 34 (tgc)
[14:20:20] 78 tRNA-Ile c[5140077,5140153] 35 (gat)
[14:20:20] 79 tRNA-Pro c[5189752,5189828] 35 (tgg)
[14:20:20] 80 tRNA-Leu c[5189871,5189957] 35 (cag)
[14:20:20] 81 tRNA-His c[5189981,5190056] 34 (gtg)
[14:20:20] 82 tRNA-Arg c[5190112,5190188] 35 (ccg)
[14:20:20] 83 tRNA-Trp c[5228220,5228295] 34 (cca)
[14:20:20] 84 tRNA-Asp c[5228349,5228425] 35 (gtc)
[14:20:20] 85 tRNA-Ala c[5231765,5231840] 34 (tgc)
[14:20:20] 86 tRNA-Ile c[5231877,5231953] 35 (gat)
[14:20:20] 87 tRNA-Glu c[5336464,5336539] 35 (ttc)
[14:20:20] Found 87 tRNAs
[14:20:20] Predicting Ribosomal RNAs
[14:20:20] Running Barrnap with 4 threads
[14:21:55] 1 CP025143.1 500656 16S ribosomal RNA
[14:21:55] 2 CP025143.1 502394 23S ribosomal RNA
[14:21:55] 3 CP025143.1 505393 5S ribosomal RNA
[14:21:55] 4 CP025143.1 505637 5S ribosomal RNA
[14:21:55] 5 CP025143.1 1261472 16S ribosomal RNA
[14:21:55] 6 CP025143.1 1263355 23S ribosomal RNA
[14:21:55] 7 CP025143.1 1266353 5S ribosomal RNA
[14:21:55] 8 CP025143.1 4311905 5S ribosomal RNA
[14:21:55] 9 CP025143.1 4312117 23S ribosomal RNA
[14:21:55] 10 CP025143.1 4315517 16S ribosomal RNA
[14:21:55] 11 CP025143.1 4693896 5S ribosomal RNA
[14:21:55] 12 CP025143.1 4694108 23S ribosomal RNA
[14:21:55] 13 CP025143.1 4697353 16S ribosomal RNA
[14:21:55] 14 CP025143.1 5091636 5S ribosomal RNA
[14:21:55] 15 CP025143.1 5091848 23S ribosomal RNA
[14:21:55] 16 CP025143.1 5095093 16S ribosomal RNA
[14:21:55] 17 CP025143.1 5136682 5S ribosomal RNA
[14:21:55] 18 CP025143.1 5136894 23S ribosomal RNA
[14:21:55] 19 CP025143.1 5140225 16S ribosomal RNA
[14:21:55] 20 CP025143.1 5228482 5S ribosomal RNA
[14:21:55] 21 CP025143.1 5228694 23S ribosomal RNA
[14:21:55] 22 CP025143.1 5232025 16S ribosomal RNA
[14:21:55] 23 CP025143.1 5333168 5S ribosomal RNA
[14:21:55] 24 CP025143.1 5333380 23S ribosomal RNA
[14:21:55] 25 CP025143.1 5336625 16S ribosomal RNA
[14:21:55] Found 25 rRNAs
[14:21:55] Skipping ncRNA search, enable with --rfam if desired.
[14:21:55] Total of 111 tRNA + rRNA features
[14:21:55] Searching for CRISPR repeats
[14:22:00] Found 0 CRISPRs
[14:22:00] Predicting coding sequences
[14:22:00] Contigs total 5741903 bp, so using single mode
[14:22:00] Running: prodigal -i 10_pangenome\/annotations\/NR5632\/NR5632\.fna -c -m -g 11 -p single -f sco -q
[14:22:13] Excluding CDS which overlaps existing RNA (tRNA) at CP025143.1:609928..610134 on - strand
[14:22:16] Excluding CDS which overlaps existing RNA (tRNA) at CP025143.1:2004139..2004291 on - strand
[14:22:17] Excluding CDS which overlaps existing RNA (tRNA) at CP025143.1:2424135..2424620 on + strand
[14:22:20] Excluding CDS which overlaps existing RNA (tRNA) at CP025143.1:5189700..5189852 on + strand
[14:22:20] Found 5398 CDS
[14:22:20] Connecting features back to sequences
[14:22:21] Not using genus-specific database. Try --usegenus to enable it.
[14:22:21] Annotating CDS, please be patient.
[14:22:21] Will use 4 CPUs for similarity searching.
[14:22:23] There are still 5398 unannotated CDS left (started with 5398)
[14:22:23] Will use blast to search against /root/miniconda3/envs/prokka_env/db/kingdom/Bacteria/IS with 4 CPUs
[14:22:23] Running: cat 10_pangenome\/annotations\/NR5632\/NR5632\.IS\.tmp\.17011\.faa | parallel --gnu --plain -j 4 --block 214002 --recstart '>' --pipe blastp -query - -db /root/miniconda3/envs/prokka_env/db/kingdom/Bacteria/IS -evalue 1e-30 -qcov_hsp_perc 90 -num_threads 1 -num_descriptions 1 -num_alignments 1 -seg no > 10_pangenome\/annotations\/NR5632\/NR5632\.IS\.tmp\.17011\.blast 2> /dev/null
[14:22:54] Modify product: Tn3 family transposase Tn5403 => Tn3 family transposase
[14:22:56] Cleaned 1 /product names
[14:22:56] Deleting unwanted file: 10_pangenome/annotations/NR5632/NR5632.IS.tmp.17011.faa
[14:22:56] Deleting unwanted file: 10_pangenome/annotations/NR5632/NR5632.IS.tmp.17011.blast
[14:22:57] There are still 5314 unannotated CDS left (started with 5398)
[14:22:57] Will use blast to search against /root/miniconda3/envs/prokka_env/db/kingdom/Bacteria/AMR with 4 CPUs
[14:22:57] Running: cat 10_pangenome\/annotations\/NR5632\/NR5632\.AMR\.tmp\.17011\.faa | parallel --gnu --plain -j 4 --block 210965 --recstart '>' --pipe blastp -query - -db /root/miniconda3/envs/prokka_env/db/kingdom/Bacteria/AMR -evalue 1e-300 -qcov_hsp_perc 90 -num_threads 1 -num_descriptions 1 -num_alignments 1 -seg no > 10_pangenome\/annotations\/NR5632\/NR5632\.AMR\.tmp\.17011\.blast 2> /dev/null
[14:23:49] Deleting unwanted file: 10_pangenome/annotations/NR5632/NR5632.AMR.tmp.17011.faa
[14:23:49] Deleting unwanted file: 10_pangenome/annotations/NR5632/NR5632.AMR.tmp.17011.blast
[14:23:50] There are still 5270 unannotated CDS left (started with 5398)
[14:23:50] Will use blast to search against /root/miniconda3/envs/prokka_env/db/kingdom/Bacteria/sprot with 4 CPUs
[14:23:50] Running: cat 10_pangenome\/annotations\/NR5632\/NR5632\.sprot\.tmp\.17011\.faa | parallel --gnu --plain -j 4 --block 206940 --recstart '>' --pipe blastp -query - -db /root/miniconda3/envs/prokka_env/db/kingdom/Bacteria/sprot -evalue 1e-09 -qcov_hsp_perc 80 -num_threads 1 -num_descriptions 1 -num_alignments 1 -seg no > 10_pangenome\/annotations\/NR5632\/NR5632\.sprot\.tmp\.17011\.blast 2> /dev/null
[14:26:32] Modify product: Probable glycerol-3-phosphate acyltransferase => putative glycerol-3-phosphate acyltransferase
[14:26:32] Modify product: Probable quinol monooxygenase YgiN => putative quinol monooxygenase YgiN
[14:26:32] Modify product: Probable HTH-type transcriptional regulator STM3175 => putative HTH-type transcriptional regulator
[14:26:32] Modify product: HTH-type transcriptional regulator XC_2801 => HTH-type transcriptional regulator
[14:26:32] Modify product: Uncharacterized membrane protein YdfK => putative membrane protein YdfK
[14:26:32] Modify product: Probable Fe(2+)-trafficking protein => putative Fe(2+)-trafficking protein
[14:26:32] Modify product: Uncharacterized protein HI_0341 => putative protein
[14:26:32] Modify product: UPF0235 protein YggU => hypothetical protein
[14:26:32] Modify product: Uncharacterized protein YggR => putative protein YggR
[14:26:32] Modify product: UPF0301 protein YqgE => hypothetical protein
[14:26:32] Modify product: Probable L-galactonate transporter => putative L-galactonate transporter
[14:26:32] Modify product: Probable sulfoacetate transporter SauU => putative sulfoacetate transporter SauU
[14:26:32] Modify product: UPF0149 protein HI_0817 => hypothetical protein
[14:26:32] Modify product: Uncharacterized oxidoreductase YgfF => putative oxidoreductase YgfF
[14:26:32] Modify product: UPF0073 inner membrane protein YqfA => hypothetical protein
[14:26:33] Modify product: Uncharacterized protein YjdJ => putative protein YjdJ
[14:26:33] Modify product: Probable fimbrial chaperone YadV => putative fimbrial chaperone YadV
[14:26:33] Modify product: Uncharacterized lipoprotein YgdR => putative lipoprotein YgdR
[14:26:33] Modify product: UPF0053 inner membrane protein YgdQ => hypothetical protein
[14:26:33] Modify product: Probable cobalt-factor III C(17)-methyltransferase => putative cobalt-factor III C(17)-methyltransferase
[14:26:33] Modify product: Uncharacterized lipoprotein YgdR => putative lipoprotein YgdR
[14:26:33] Modify product: UPF0382 inner membrane protein YgdD => hypothetical protein
[14:26:33] Modify product: Uncharacterized HTH-type transcriptional regulator YdjF => putative HTH-type transcriptional regulator YdjF
[14:26:33] Modify product: Uncharacterized protein YqcC => putative protein YqcC
[14:26:33] Modify product: Probable galactarate/D-glucarate transporter GudP => putative galactarate/D-glucarate transporter GudP
[14:26:33] Modify product: Probable UbiX-like flavin prenyltransferase => putative UbiX-like flavin prenyltransferase
[14:26:33] Modify product: Uncharacterized protein YgaM => putative protein YgaM
[14:26:33] Modify product: UPF0125 protein RatB => hypothetical protein
[14:26:33] Modify product: UPF0053 inner membrane protein YfjD => hypothetical protein
[14:26:33] Modify product: Uncharacterized tRNA/rRNA methyltransferase YfiF => putative tRNA/rRNA methyltransferase YfiF
[14:26:33] Modify product: Uncharacterized protein YphB => putative protein YphB
[14:26:33] Modify product: Probable 3-phenylpropionic acid transporter => putative 3-phenylpropionic acid transporter
[14:26:34] Modify product: Uncharacterized protein YfgJ => putative protein YfgJ
[14:26:34] Modify product: Uncharacterized protein YfgD => putative protein YfgD
[14:26:34] Modify product: Probable acetate kinase EutP => putative acetate kinase EutP
[14:26:34] Modify product: Probable alcohol dehydrogenase EutG => putative alcohol dehydrogenase EutG
[14:26:34] Modify product: Probable ethanolamine permease EutH => putative ethanolamine permease EutH
[14:26:34] Modify product: Uncharacterized protein YfeY => putative protein YfeY
[14:26:34] Modify product: Uncharacterized protein YybH => putative protein YybH
[14:26:34] Modify product: Probable cyclic di-GMP phosphodiesterase PdeA => putative cyclic di-GMP phosphodiesterase PdeA
[14:26:34] Modify product: Uncharacterized transporter YycB => putative transporter YycB
[14:26:34] Modify product: Uncharacterized HTH-type transcriptional regulator HI_1476 => putative HTH-type transcriptional regulator
[14:26:34] Modify product: UPF0381 protein YiiS => hypothetical protein
[14:26:34] Modify product: Probable membrane transporter protein YfcA => putative membrane transporter protein YfcA
[14:26:34] Modify product: Uncharacterized MFS-type transporter YfcJ => putative MFS-type transporter YfcJ
[14:26:34] Modify product: Epimerase family protein SA0724 => Epimerase family protein
[14:26:34] Modify product: Uncharacterized Nudix hydrolase YfcD => putative Nudix hydrolase YfcD
[14:26:34] Modify product: UPF0208 membrane protein YfbV => hypothetical protein
[14:26:34] Modify product: UPF0304 protein YfbU => hypothetical protein
[14:26:34] Modify product: Probable HTH-type transcriptional regulator LrhA => putative HTH-type transcriptional regulator LrhA
[14:26:34] Modify product: Uncharacterized HTH-type transcriptional regulator RhmR => putative HTH-type transcriptional regulator RhmR
[14:26:34] Modify product: Putative transport protein Rv1101c => Putative transport protein
[14:26:34] Modify product: UPF0352 protein YejL => hypothetical protein
[14:26:34] Modify product: Uncharacterized protein YejG => putative protein YejG
[14:26:34] Modify product: Uncharacterized ABC transporter ATP-binding protein YejF => putative ABC transporter ATP-binding protein YejF
[14:26:34] Modify product: Uncharacterized protein YejA => putative protein YejA
[14:26:34] Modify product: Probable cyclic di-GMP phosphodiesterase PdeN => putative cyclic di-GMP phosphodiesterase PdeN
[14:26:34] Modify product: UPF0324 inner membrane protein YeiH => hypothetical protein
[14:26:34] Modify product: Uncharacterized HTH-type transcriptional regulator YeiE => putative HTH-type transcriptional regulator YeiE
[14:26:34] Modify product: UPF0299 membrane protein YohJ => hypothetical protein
[14:26:34] Modify product: UPF0387 membrane protein YohO => hypothetical protein
[14:26:34] Modify product: Uncharacterized N-acetyltransferase YafP => putative N-acetyltransferase YafP
[14:26:35] Modify product: Probable D,D-dipeptide-binding periplasmic protein DdpA => putative D,D-dipeptide-binding periplasmic protein DdpA
[14:26:35] Modify product: Probable D,D-dipeptide transport system permease protein DdpC => putative D,D-dipeptide transport system permease protein DdpC
[14:26:35] Modify product: Probable lipid kinase YegS => putative lipid kinase YegS
[14:26:35] Modify product: UPF0053 inner membrane protein YoaE => hypothetical protein
[14:26:35] Modify product: Uncharacterized glycosyltransferase YkoT => putative glycosyltransferase YkoT
[14:26:35] Modify product: Uncharacterized protein YeaR => putative protein YeaR
[14:26:35] Modify product: Probable FMN/FAD exporter YeeO => putative FMN/FAD exporter YeeO
[14:26:35] Modify product: Probable acrylyl-CoA reductase AcuI => putative acrylyl-CoA reductase AcuI
[14:26:35] Modify product: Probable L,D-transpeptidase ErfK/SrfK => putative L,D-transpeptidase ErfK/SrfK
[14:26:35] Modify product: HTH-type transcriptional regulator XC_2801 => HTH-type transcriptional regulator
[14:26:35] Modify product: Uncharacterized protein YedJ => putative protein YedJ
[14:26:35] Modify product: Uncharacterized inner membrane transporter YedA => putative inner membrane transporter YedA
[14:26:35] Modify product: Probable diguanylate cyclase DgcQ => putative diguanylate cyclase DgcQ
[14:26:35] Modify product: Probable transport protein HsrA => putative transport protein HsrA
[14:26:35] Modify product: Probable transcriptional regulatory protein YebC => putative transcriptional regulatory protein YebC
[14:26:35] Modify product: Uncharacterized protein YebY => putative protein YebY
[14:26:35] Modify product: Uncharacterized protein HI_0461 => putative protein
[14:26:35] Modify product: Uncharacterized protein YebV => putative protein YebV
[14:26:35] Modify product: Probable manganese efflux pump MntP => putative manganese efflux pump MntP
[14:26:35] Modify product: UPF0266 membrane protein YobD => hypothetical protein
[14:26:35] Modify product: UPF0053 inner membrane protein YoaE => hypothetical protein
[14:26:35] Modify product: Probable cyclic di-GMP phosphodiesterase PdeD => putative cyclic di-GMP phosphodiesterase PdeD
[14:26:35] Modify product: Nudix hydrolase DR_1184 => Nudix hydrolase
[14:26:35] Modify product: Uncharacterized protein YeaR => putative protein YeaR
[14:26:35] Modify product: Uncharacterized protein Rv2411c => putative protein
[14:26:35] Modify product: Uncharacterized protein Rv2567 => putative protein
[14:26:35] Modify product: Uncharacterized protein Rv2569c => putative protein
[14:26:35] Modify product: HTH-type transcriptional regulator Cphy_2742 => HTH-type transcriptional regulator
[14:26:35] Modify product: Uncharacterized inner membrane transporter YicL => putative inner membrane transporter YicL
[14:26:35] Modify product: Acetyltransferase Atu2258 => Acetyltransferase
[14:26:35] Modify product: Zinc-type alcohol dehydrogenase-like protein SA1988 => Zinc-type alcohol dehydrogenase-like protein
[14:26:35] Modify product: UPF0311 protein CA_C3321 => hypothetical protein
[14:26:35] Modify product: UPF0126 inner membrane protein YicG => hypothetical protein
[14:26:35] Modify product: Pentapeptide repeat protein VPA0095 => Pentapeptide repeat protein
[14:26:35] Modify product: Uncharacterized oxidoreductase YghA => putative oxidoreductase YghA
[14:26:35] Modify product: UPF0194 membrane protein YbhG => hypothetical protein
[14:26:35] Modify product: Probable multidrug ABC transporter ATP-binding protein YbhF => putative multidrug ABC transporter ATP-binding protein YbhF
[14:26:35] Modify product: Probable multidrug ABC transporter permease YbhR => putative multidrug ABC transporter permease YbhR
[14:26:35] Modify product: UPF0758 protein YsxA => hypothetical protein
[14:26:36] Modify product: Uncharacterized protein YibN => putative protein YibN
[14:26:36] Modify product: Uncharacterized protein YibL => putative protein YibL
[14:26:36] Modify product: Uncharacterized GST-like protein YibF => putative GST-like protein YibF
[14:26:36] Modify product: Probable lipoprotein YiaD => putative lipoprotein YiaD
[14:26:36] Modify product: Uncharacterized MFS-type transporter YhjX => putative MFS-type transporter YhjX
[14:26:36] Modify product: Probable cyclic di-GMP phosphodiesterase PdeK => putative cyclic di-GMP phosphodiesterase PdeK
[14:26:36] Modify product: Probable 4-deoxy-4-formamido-L-arabinose-phosphoundecaprenol deformylase ArnD => putative 4-deoxy-4-formamido-L-arabinose-phosphoundecaprenol deformylase ArnD
[14:26:36] Modify product: Probable 4-amino-4-deoxy-L-arabinose-phosphoundecaprenol flippase subunit ArnE => putative 4-amino-4-deoxy-L-arabinose-phosphoundecaprenol flippase subunit ArnE
[14:26:36] Modify product: Probable 4-amino-4-deoxy-L-arabinose-phosphoundecaprenol flippase subunit ArnF => putative 4-amino-4-deoxy-L-arabinose-phosphoundecaprenol flippase subunit ArnF
[14:26:36] Modify product: Uncharacterized MFS-type transporter YhhS => putative MFS-type transporter YhhS
[14:26:36] Modify product: Uncharacterized protein YhhA => putative protein YhhA
[14:26:36] Modify product: Uncharacterized oxidoreductase YhhX => putative oxidoreductase YhhX
[14:26:36] Modify product: Probable [Fe-S]-dependent transcriptional repressor => putative [Fe-S]-dependent transcriptional repressor
[14:26:36] Modify product: Uncharacterized protein YhfG => putative protein YhfG
[14:26:36] Modify product: Probable protein adenylyltransferase Fic => putative protein adenylyltransferase Fic
[14:26:36] Modify product: UPF0270 protein PA3463 => hypothetical protein
[14:26:36] Modify product: Probable ATP-binding protein YheS => putative ATP-binding protein YheS
[14:26:36] Modify product: Protein SlyX homolog => Protein SlyX 
[14:26:36] Modify product: Uncharacterized membrane protein YhdT => putative membrane protein YhdT
[14:26:36] Modify product: Uncharacterized protein YhcO => putative protein YhcO
[14:26:36] Modify product: Uncharacterized inner membrane transporter YhbE => putative inner membrane transporter YhbE
[14:26:36] Modify product: UPF0102 protein RPA0323 => hypothetical protein
[14:26:36] Modify product: Probable galactarate/D-glucarate transporter GarP => putative galactarate/D-glucarate transporter GarP
[14:26:36] Modify product: Uncharacterized protein YqjD => putative protein YqjD
[14:26:36] Modify product: UPF0225 protein YchJ => hypothetical protein
[14:26:36] Modify product: Uncharacterized NTE family protein Rv1063c => putative NTE family protein
[14:26:36] Modify product: UPF0056 inner membrane protein MarC => hypothetical protein
[14:26:36] Modify product: Probable ketoamine kinase HMPREF0351_12196 => putative ketoamine kinase
[14:26:36] Modify product: Probable aminoglycoside efflux pump => putative aminoglycoside efflux pump
[14:26:36] Modify product: Probable ATP-dependent transporter SufC => putative ATP-dependent transporter SufC
[14:26:36] Modify product: Probable L,D-transpeptidase YnhG => putative L,D-transpeptidase YnhG
[14:26:37] Modify product: Probable siderophore transport system ATP-binding protein YusV => putative siderophore transport system ATP-binding protein YusV
[14:26:37] Modify product: Probable siderophore transport system permease protein YfiZ => putative siderophore transport system permease protein YfiZ
[14:26:37] Modify product: Probable murein peptide carboxypeptidase => putative murein peptide carboxypeptidase
[14:26:37] Modify product: Probable succinyl-CoA:3-ketoacid coenzyme A transferase subunit B => putative succinyl-CoA:3-ketoacid coenzyme A transferase subunit B
[14:26:37] Modify product: Probable succinyl-CoA:3-ketoacid coenzyme A transferase subunit A => putative succinyl-CoA:3-ketoacid coenzyme A transferase subunit A
[14:26:37] Modify product: Probable D,D-dipeptide transport ATP-binding protein DdpD => putative D,D-dipeptide transport ATP-binding protein DdpD
[14:26:37] Modify product: Uncharacterized oxidoreductase YdgJ => putative oxidoreductase YdgJ
[14:26:37] Modify product: Probable transporter SCO4007 => putative transporter
[14:26:37] Modify product: 23S rRNA 5-hydroxycytidine C2501 synthase => 23S rRNA 5-hydroxycytidine synthase
[14:26:37] Modify product: Uncharacterized protein YdcY => putative protein YdcY
[14:26:37] Modify product: UPF0381 protein YiiS => hypothetical protein
[14:26:37] Modify product: Uncharacterized protein YncE => putative protein YncE
[14:26:37] Modify product: Uncharacterized lipoprotein YgdR => putative lipoprotein YgdR
[14:26:37] Modify product: Probable nitrate reductase molybdenum cofactor assembly chaperone NarW => putative nitrate reductase molybdenum cofactor assembly chaperone NarW
[14:26:37] Modify product: Probable D,D-dipeptide transport system permease protein DdpC => putative D,D-dipeptide transport system permease protein DdpC
[14:26:37] Modify product: Probable ATP-binding protein YheS => putative ATP-binding protein YheS
[14:26:37] Modify product: HTH-type transcriptional regulator XC_2801 => HTH-type transcriptional regulator
[14:26:37] Modify product: Uncharacterized oxidoreductase YghA => putative oxidoreductase YghA
[14:26:37] Modify product: UPF0702 transmembrane protein YetF => hypothetical protein
[14:26:37] Modify product: HTH-type transcriptional regulator XC_2801 => HTH-type transcriptional regulator
[14:26:37] Modify product: Probable HTH-type transcriptional regulator LrhA => putative HTH-type transcriptional regulator LrhA
[14:26:37] Modify product: Putative thiamine biosynthesis protein HI_0357 => Putative thiamine biosynthesis protein
[14:26:37] Modify product: HTH-type transcriptional regulator XC_2801 => HTH-type transcriptional regulator
[14:26:37] Modify product: Uncharacterized oxidoreductase YkwC => putative oxidoreductase YkwC
[14:26:38] Modify product: Uncharacterized signaling protein CC_0091 => putative signaling protein
[14:26:38] Modify product: Probable fimbrial chaperone YraI => putative fimbrial chaperone YraI
[14:26:38] Modify product: Uncharacterized protein YycE => putative protein YycE
[14:26:38] Modify product: Uncharacterized MFS-type transporter YhhS => putative MFS-type transporter YhhS
[14:26:38] Modify product: Probable galactarate/D-glucarate transporter GudP => putative galactarate/D-glucarate transporter GudP
[14:26:38] Modify product: Uncharacterized isomerase YddE => putative isomerase YddE
[14:26:38] Modify product: UPF0056 inner membrane protein MarC => hypothetical protein
[14:26:38] Modify product: Probable amino-acid metabolite efflux pump => putative amino-acid metabolite efflux pump
[14:26:38] Modify product: Uncharacterized protein YjhP => putative protein YjhP
[14:26:38] Modify product: Uncharacterized N-acetyltransferase YafP => putative N-acetyltransferase YafP
[14:26:38] Modify product: Uncharacterized protein Rv2277c => putative protein
[14:26:38] Modify product: Uncharacterized methyltransferase YcgJ => putative methyltransferase YcgJ
[14:26:38] Modify product: Uncharacterized protein YaeQ => putative protein YaeQ
[14:26:38] Modify product: UPF0253 protein YaeP => hypothetical protein
[14:26:38] Modify product: UPF0126 inner membrane protein YadS => hypothetical protein
[14:26:38] Modify product: Uncharacterized ABC transporter ATP-binding protein YadG => putative ABC transporter ATP-binding protein YadG
[14:26:38] Modify product: UPF0231 protein YacL => hypothetical protein
[14:26:38] Modify product: Probable peptidoglycan glycosyltransferase FtsW => putative peptidoglycan glycosyltransferase FtsW
[14:26:38] Modify product: Probable galactarate/D-glucarate transporter GudP => putative galactarate/D-glucarate transporter GudP
[14:26:38] Modify product: Uncharacterized lipoprotein YgdR => putative lipoprotein YgdR
[14:26:38] Modify product: Probable inner membrane protein Smp => putative inner membrane protein Smp
[14:26:38] Modify product: Uncharacterized metal-dependent hydrolase YjjV => putative metal-dependent hydrolase YjjV
[14:26:38] Modify product: Probable succinate transporter subunit YjjP => putative succinate transporter subunit YjjP
[14:26:38] Modify product: Probable succinate transporter subunit YjjB => putative succinate transporter subunit YjjB
[14:26:38] Modify product: UPF0716 protein FxsA => hypothetical protein
[14:26:38] Modify product: Probable outer membrane usher protein ElfC => putative outer membrane usher protein ElfC
[14:26:38] Modify product: Probable L-ascorbate-6-phosphate lactonase UlaG => putative L-ascorbate-6-phosphate lactonase UlaG
[14:26:38] Modify product: Uncharacterized protein YtfJ => putative protein YtfJ
[14:26:38] Modify product: Deacetylase EF_0837 => Deacetylase
[14:26:38] Modify product: Probable licABCH operon regulator => putative licABCH operon regulator
[14:26:38] Modify product: Probable 6-phospho-beta-glucosidase => putative 6-phospho-beta-glucosidase
[14:26:39] Modify product: Uncharacterized HTH-type transcriptional regulator YurK => putative HTH-type transcriptional regulator YurK
[14:26:39] Modify product: Probable L-galactonate transporter => putative L-galactonate transporter
[14:26:39] Modify product: UPF0060 membrane protein YnfA => hypothetical protein
[14:26:39] Modify product: UPF0482 protein YnfB => hypothetical protein
[14:26:39] Modify product: Uncharacterized protein YnfD => putative protein YnfD
[14:26:39] Modify product: Uncharacterized serine protease YdgD => putative serine protease YdgD
[14:26:39] Modify product: Probable DNA endonuclease SmrA => putative DNA endonuclease SmrA
[14:26:39] Modify product: Probable transporter YedE => putative transporter YedE
[14:26:39] Modify product: Uncharacterized protein YdfO => putative protein YdfO
[14:26:39] Modify product: Probable phospholipid transport protein YdbH => putative phospholipid transport protein YdbH
[14:26:39] Modify product: Uncharacterized oxidoreductase YdgJ => putative oxidoreductase YdgJ
[14:26:39] Modify product: Probable D-methionine-binding lipoprotein MetQ => putative D-methionine-binding lipoprotein MetQ
[14:26:39] Modify product: HTH-type transcriptional regulator XC_2801 => HTH-type transcriptional regulator
[14:26:39] Modify product: HTH-type transcriptional regulator XC_2801 => HTH-type transcriptional regulator
[14:26:39] Modify product: Uncharacterized oxidoreductase YtbE => putative oxidoreductase YtbE
[14:26:39] Modify product: Uncharacterized protein PA2218 => putative protein
[14:26:39] Modify product: Probable 6-phospho-beta-glucosidase => putative 6-phospho-beta-glucosidase
[14:26:39] Modify product: UPF0283 membrane protein YcjF => hypothetical protein
[14:26:39] Modify product: UPF0509 protein YciZ => hypothetical protein
[14:26:39] Modify product: Uncharacterized protein YciH => putative protein YciH
[14:26:39] Modify product: Probable protease SohB => putative protease SohB
[14:26:39] Modify product: Uncharacterized oxidoreductase YciK => putative oxidoreductase YciK
[14:26:39] Modify product: Uncharacterized protein YciO => putative protein YciO
[14:26:39] Modify product: PKHD-type hydroxylase Sbal_3634 => PKHD-type hydroxylase
[14:26:39] Modify product: UPF0259 membrane protein YciC => hypothetical protein
[14:26:39] Modify product: Uncharacterized acyl-CoA thioester hydrolase HI_0827 => putative acyl-CoA thioester hydrolase
[14:26:39] Modify product: UPF0229 protein YeaH => hypothetical protein
[14:26:39] Modify product: HTH-type transcriptional regulator XC_2801 => HTH-type transcriptional regulator
[14:26:39] Modify product: Uncharacterized membrane protein YoaK => putative membrane protein YoaK
[14:26:39] Modify product: Putative virulence-regulating protein PA2146 => Putative virulence-regulating protein
[14:26:39] Modify product: Probable L,D-transpeptidase YcfS => putative L,D-transpeptidase YcfS
[14:26:39] Modify product: UPF0227 protein YcfP => hypothetical protein
[14:26:39] Modify product: Uncharacterized metal-dependent hydrolase YcfH => putative metal-dependent hydrolase YcfH
[14:26:39] Modify product: Probable lipid II flippase MurJ => putative lipid II flippase MurJ
[14:26:39] Modify product: UPF0502 protein YceH => hypothetical protein
[14:26:39] Modify product: Uncharacterized lipoprotein YceB => putative lipoprotein YceB
[14:26:39] Modify product: Probable phosphatase YcdX => putative phosphatase YcdX
[14:26:39] Modify product: HTH-type transcriptional regulator XC_2801 => HTH-type transcriptional regulator
[14:26:39] Modify product: Probable hydrolase YcaC => putative hydrolase YcaC
[14:26:39] Modify product: Probable malonic semialdehyde reductase RutE => putative malonic semialdehyde reductase RutE
[14:26:39] Modify product: Uncharacterized protein YccJ => putative protein YccJ
[14:26:39] Modify product: Probable cyclic di-GMP phosphodiesterase PdeG => putative cyclic di-GMP phosphodiesterase PdeG
[14:26:39] Modify product: UPF0098 protein YbcL => hypothetical protein
[14:26:39] Modify product: Uncharacterized protein YccU => putative protein YccU
[14:26:39] Modify product: Uncharacterized protein YcbX => putative protein YcbX
[14:26:40] Modify product: Probable L,D-transpeptidase YcbB => putative L,D-transpeptidase YcbB
[14:26:40] Modify product: UPF0434 protein YcaR => hypothetical protein
[14:26:40] Modify product: Uncharacterized MFS-type transporter YcaD => putative MFS-type transporter YcaD
[14:26:40] Modify product: Probable transcriptional regulator PhnF => putative transcriptional regulator PhnF
[14:26:40] Modify product: Probable fimbrial chaperone LpfB => putative fimbrial chaperone LpfB
[14:26:40] Modify product: Uncharacterized fimbrial-like protein YcbV => putative fimbrial-like protein YcbV
[14:26:40] Modify product: Probable cyclic di-GMP phosphodiesterase PdeC => putative cyclic di-GMP phosphodiesterase PdeC
[14:26:40] Modify product: Uncharacterized protein YjbR => putative protein YjbR
[14:26:40] Modify product: UPF0337 protein YjbJ => hypothetical protein
[14:26:40] Modify product: UPF0597 protein YhaM => hypothetical protein
[14:26:40] Modify product: Shikimate dehydrogenase-like protein HI_0607 => Shikimate dehydrogenase-like protein
[14:26:40] Modify product: Uncharacterized protein HI_0431 => putative protein
[14:26:40] Modify product: Probable protein kinase UbiB => putative protein kinase UbiB
[14:26:40] Modify product: Probable ECA polymerase => putative ECA polymerase
[14:26:40] Modify product: Uncharacterized membrane protein YdfK => putative membrane protein YdfK
[14:26:40] Modify product: Probable cystine transporter YijE => putative cystine transporter YijE
[14:26:40] Modify product: Probable fructose-bisphosphate aldolase => putative fructose-bisphosphate aldolase
[14:26:40] Modify product: Probable acyltransferase FabY => putative acyltransferase FabY
[14:26:40] Modify product: UPF0761 membrane protein YihY => hypothetical protein
[14:26:40] Modify product: Probable GTP-binding protein EngB => putative GTP-binding protein EngB
[14:26:40] Modify product: Probable transport protein HsrA => putative transport protein HsrA
[14:26:40] Modify product: Prophage tail fiber assembly protein homolog TfaE => Prophage tail fiber assembly protein TfaE
[14:26:40] Modify product: Uncharacterized protein YcbX => putative protein YcbX
[14:26:40] Modify product: Probable cyclic di-GMP phosphodiesterase PdeC => putative cyclic di-GMP phosphodiesterase PdeC
[14:26:40] Modify product: Cyclic di-GMP phosphodiesterase PA2567 => Cyclic di-GMP phosphodiesterase
[14:26:40] Modify product: UPF0401 protein YkfF => hypothetical protein
[14:26:40] Modify product: Probable phosphite transport system-binding protein PtxB => putative phosphite transport system-binding protein PtxB
[14:26:40] Modify product: Probable copper-binding protein PcoE => putative copper-binding protein PcoE
[14:26:41] Modify product: Uncharacterized lipoprotein YbjP => putative lipoprotein YbjP
[14:26:41] Modify product: Uncharacterized protein YbjN => putative protein YbjN
[14:26:41] Modify product: Probable dehydratase YbiW => putative dehydratase YbiW
[14:26:41] Modify product: Uncharacterized protein YbiU => putative protein YbiU
[14:26:41] Modify product: Probable ATP-binding protein YbiT => putative ATP-binding protein YbiT
[14:26:41] Modify product: Probable L,D-transpeptidase YbiS => putative L,D-transpeptidase YbiS
[14:26:41] Modify product: Uncharacterized protein McbA => putative protein McbA
[14:26:41] Modify product: Uncharacterized protein YbiI => putative protein YbiI
[14:26:41] Modify product: Uncharacterized protein YbiB => putative protein YbiB
[14:26:41] Modify product: Probable galactarate/D-glucarate transporter GudP => putative galactarate/D-glucarate transporter GudP
[14:26:41] Modify product: UPF0194 membrane protein YbhG => hypothetical protein
[14:26:41] Modify product: Probable multidrug ABC transporter ATP-binding protein YbhF => putative multidrug ABC transporter ATP-binding protein YbhF
[14:26:41] Modify product: Probable multidrug ABC transporter permease YbhS => putative multidrug ABC transporter permease YbhS
[14:26:41] Modify product: Probable multidrug ABC transporter permease YbhR => putative multidrug ABC transporter permease YbhR
[14:26:41] Modify product: UPF0098 protein YbhB => hypothetical protein
[14:26:41] Modify product: Uncharacterized sugar kinase YdjH => putative sugar kinase YdjH
[14:26:41] Modify product: Uncharacterized protein YbdM => putative protein YbdM
[14:26:41] Modify product: Uncharacterized HTH-type transcriptional regulator YbdO => putative HTH-type transcriptional regulator YbdO
[14:26:41] Modify product: Uncharacterized HTH-type transcriptional regulator YbdO => putative HTH-type transcriptional regulator YbdO
[14:26:41] Modify product: UPF0250 protein YbeD => hypothetical protein
[14:26:41] Modify product: Uncharacterized lipoprotein ChiQ => putative lipoprotein ChiQ
[14:26:41] Modify product: Uncharacterized protein YbfE => putative protein YbfE
[14:26:41] Modify product: GTP cyclohydrolase 1 type 2 homolog => GTP cyclohydrolase 1 type 2 
[14:26:41] Modify product: Probable two-component-system connector protein AriR => putative two-component-system connector protein AriR
[14:26:41] Modify product: Probable two-component-system connector protein YcgZ => putative two-component-system connector protein YcgZ
[14:26:41] Modify product: Probable cation-transporting ATPase F => putative cation-transporting ATPase F
[14:26:41] Modify product: Probable D,D-dipeptide-binding periplasmic protein DdpA => putative D,D-dipeptide-binding periplasmic protein DdpA
[14:26:41] Modify product: Probable D,D-dipeptide transport system permease protein DdpC => putative D,D-dipeptide transport system permease protein DdpC
[14:26:41] Modify product: Probable cation-transporting ATPase F => putative cation-transporting ATPase F
[14:26:41] Modify product: Uncharacterized protein Rv0906 => putative protein
[14:26:41] Modify product: Uncharacterized protein YncE => putative protein YncE
[14:26:41] Modify product: Probable fimbrial chaperone YadV => putative fimbrial chaperone YadV
[14:26:41] Modify product: Bifunctional protein FolD => Bifunctional protein FolD protein
[14:26:41] Modify product: Probable iron export permease protein FetB => putative iron export permease protein FetB
[14:26:41] Modify product: Probable iron export ATP-binding protein FetA => putative iron export ATP-binding protein FetA
[14:26:41] Modify product: Probable cyclic di-GMP phosphodiesterase PdeB => putative cyclic di-GMP phosphodiesterase PdeB
[14:26:41] Modify product: Uncharacterized lipoprotein YbaY => putative lipoprotein YbaY
[14:26:41] Modify product: Uncharacterized protein HI_1008 => putative protein
[14:26:41] Modify product: Uncharacterized lipoprotein YajI => putative lipoprotein YajI
[14:26:41] Modify product: Uncharacterized protein YaiA => putative protein YaiA
[14:26:41] Modify product: UPF0178 protein YaiI => hypothetical protein
[14:26:42] Modify product: Probable glutamine ABC transporter permease protein GlnP => putative glutamine ABC transporter permease protein GlnP
[14:26:42] Modify product: Probable fimbrial chaperone EcpE => putative fimbrial chaperone EcpE
[14:26:42] Modify product: Probable outer membrane usher protein EcpC => putative outer membrane usher protein EcpC
[14:26:42] Modify product: Probable fimbrial chaperone EcpB => putative fimbrial chaperone EcpB
[14:26:42] Modify product: Uncharacterized fimbrial-like protein YfcR => putative fimbrial-like protein YfcR
[14:26:42] Modify product: Probable fimbrial chaperone YfcS => putative fimbrial chaperone YfcS
[14:26:42] Cleaned 307 /product names
[14:26:42] Deleting unwanted file: 10_pangenome/annotations/NR5632/NR5632.sprot.tmp.17011.faa
[14:26:42] Deleting unwanted file: 10_pangenome/annotations/NR5632/NR5632.sprot.tmp.17011.blast
[14:26:42] There are still 1465 unannotated CDS left (started with 5398)
[14:26:42] Will use hmmer3 to search against /root/miniconda3/envs/prokka_env/db/hmm/HAMAP.hmm with 4 CPUs
[14:26:42] Running: cat 10_pangenome\/annotations\/NR5632\/NR5632\.HAMAP\.hmm\.tmp\.17011\.faa | parallel --gnu --plain -j 4 --block 45016 --recstart '>' --pipe hmmscan --noali --notextw --acc -E 1e-09 --cpu 1 /root/miniconda3/envs/prokka_env/db/hmm/HAMAP.hmm /dev/stdin > 10_pangenome\/annotations\/NR5632\/NR5632\.HAMAP\.hmm\.tmp\.17011\.hmmer3 2> /dev/null
[14:27:04] Modify product: Uncharacterized MFS-type transporter YcaD => putative MFS-type transporter YcaD
[14:27:04] Modify product: Uncharacterized MFS-type transporter YfcJ => putative MFS-type transporter YfcJ
[14:27:05] Cleaned 2 /product names
[14:27:05] Deleting unwanted file: 10_pangenome/annotations/NR5632/NR5632.HAMAP.hmm.tmp.17011.faa
[14:27:05] Deleting unwanted file: 10_pangenome/annotations/NR5632/NR5632.HAMAP.hmm.tmp.17011.hmmer3
[14:27:05] Labelling remaining 1333 proteins as 'hypothetical protein'
[14:27:05] Possible /pseudo 'IS3 family transposase ISEcl1' at CP025143.1 position 133622
[14:27:05] Possible /pseudo 'IS3 family transposase ISKpn11' at CP025143.1 position 140479
[14:27:05] Possible /pseudo 'ISKra4 family transposase ISCep1' at CP025143.1 position 899213
[14:27:05] Possible /pseudo 'Manganese transport system membrane protein MntB' at CP025143.1 position 1143082
[14:27:05] Possible /pseudo 'Bacterial microcompartment shell protein EutL' at CP025143.1 position 1471206
[14:27:05] Possible /pseudo 'IS3 family transposase ISKpn1' at CP025143.1 position 1898992
[14:27:05] Possible /pseudo 'putative protein' at CP025143.1 position 2120068
[14:27:05] Possible /pseudo 'putative protein' at CP025143.1 position 2120994
[14:27:05] Possible /pseudo 'Formate dehydrogenase, nitrate-inducible, major subunit' at CP025143.1 position 2567185
[14:27:05] Possible /pseudo 'High-affinity branched-chain amino acid transport ATP-binding protein LivF' at CP025143.1 position 2830688
[14:27:05] Possible /pseudo 'Quinolone resistance protein NorB' at CP025143.1 position 3102250
[14:27:05] Possible /pseudo 'Fe(3+) ions import ATP-binding protein FbpC 2' at CP025143.1 position 3189159
[14:27:05] Possible /pseudo 'IS3 family transposase ISKpn1' at CP025143.1 position 3199857
[14:27:05] Possible /pseudo 'IS3 family transposase ISKpn1' at CP025143.1 position 3667292
[14:27:05] Possible /pseudo 'IS3 family transposase ISKpn1' at CP025143.1 position 3840837
[14:27:05] Possible /pseudo 'Oxygen-insensitive NAD(P)H nitroreductase' at CP025143.1 position 3921780
[14:27:05] Possible /pseudo '[Ribosomal protein bS18]-alanine N-acetyltransferase' at CP025143.1 position 4621259
[14:27:05] Possible /pseudo 'Homoprotocatechuate catabolism bifunctional isomerase/decarboxylase' at CP025143.1 position 4640632
[14:27:05] Possible /pseudo 'IS3 family transposase ISKpn1' at CP025143.1 position 4719614
[14:27:05] Possible /pseudo 'IS3 family transposase ISKpn1' at CP025143.1 position 4948417
[14:27:05] Possible /pseudo 'Formate dehydrogenase H' at CP025143.1 position 4988521
[14:27:05] Possible /pseudo 'Peptidyl-prolyl cis-trans isomerase C' at CP025143.1 position 5215389
[14:27:05] Possible /pseudo 'Formate dehydrogenase-O major subunit' at CP025143.1 position 5305539
[14:27:05] Possible /pseudo 'IS3 family transposase ISEcl1' at CP025145.1 position 1578
[14:27:05] Possible /pseudo 'IS200/IS605 family transposase IS609' at CP025145.1 position 21357
[14:27:05] Possible /pseudo 'IS3 family transposase ISKpn38' at CP025145.1 position 111471
[14:27:05] Possible /pseudo 'Arsenical pump-driving ATPase' at CP025145.1 position 123580
[14:27:05] Possible /pseudo 'ISL3 family transposase ISEc38' at CP025145.1 position 129387
[14:27:05] Found 3178 unique /gene codes.
[14:27:05] Fixed 3 duplicate /gene - frlB_1 frlB_2 frlB_3
[14:27:05] Fixed 2 duplicate /gene - jefA_1 jefA_2
[14:27:05] Fixed 2 duplicate /gene - dppD_1 dppD_2
[14:27:05] Fixed 2 duplicate /gene - cycA_1 cycA_2
[14:27:05] Fixed 2 duplicate /gene - eutC_1 eutC_2
[14:27:05] Fixed 3 duplicate /gene - pduJ_1 pduJ_2 pduJ_3
[14:27:05] Fixed 3 duplicate /gene - rimI_1 rimI_2 rimI_3
[14:27:05] Fixed 2 duplicate /gene - higA_1 higA_2
[14:27:05] Fixed 2 duplicate /gene - fimC_1 fimC_2
[14:27:05] Fixed 2 duplicate /gene - amiC_1 amiC_2
[14:27:05] Fixed 2 duplicate /gene - mdtJ_1 mdtJ_2
[14:27:05] Fixed 2 duplicate /gene - bluF_1 bluF_2
[14:27:05] Fixed 2 duplicate /gene - fepA_1 fepA_2
[14:27:05] Fixed 5 duplicate /gene - pgrR_1 pgrR_2 pgrR_3 pgrR_4 pgrR_5
[14:27:05] Fixed 5 duplicate /gene - mntB_1 mntB_2 mntB_3 mntB_4 mntB_5
[14:27:05] Fixed 2 duplicate /gene - dnaK_1 dnaK_2
[14:27:05] Fixed 2 duplicate /gene - lrhA_1 lrhA_2
[14:27:05] Fixed 2 duplicate /gene - dmsC_1 dmsC_2
[14:27:05] Fixed 3 duplicate /gene - arsA_1 arsA_2 arsA_3
[14:27:05] Fixed 2 duplicate /gene - xylA_1 xylA_2
[14:27:05] Fixed 2 duplicate /gene - silA_1 silA_2
[14:27:05] Fixed 2 duplicate /gene - pgl_1 pgl_2
[14:27:05] Fixed 2 duplicate /gene - sutR_1 sutR_2
[14:27:05] Fixed 5 duplicate /gene - gcvA_1 gcvA_2 gcvA_3 gcvA_4 gcvA_5
[14:27:05] Fixed 3 duplicate /gene - argP_1 argP_2 argP_3
[14:27:05] Fixed 4 duplicate /gene - tssK1_1 tssK1_2 tssK1_3 tssK1_4
[14:27:05] Fixed 2 duplicate /gene - cydA_1 cydA_2
[14:27:05] Fixed 2 duplicate /gene - yfcJ_1 yfcJ_2
[14:27:05] Fixed 2 duplicate /gene - bioD1_1 bioD1_2
[14:27:05] Fixed 2 duplicate /gene - mak_1 mak_2
[14:27:05] Fixed 2 duplicate /gene - gdhA_1 gdhA_2
[14:27:05] Fixed 2 duplicate /gene - yagG_1 yagG_2
[14:27:05] Fixed 2 duplicate /gene - glpT_1 glpT_2
[14:27:05] Fixed 2 duplicate /gene - ydiB_1 ydiB_2
[14:27:05] Fixed 2 duplicate /gene - gsiA_1 gsiA_2
[14:27:05] Fixed 2 duplicate /gene - yjiE_1 yjiE_2
[14:27:05] Fixed 4 duplicate /gene - rcsC_1 rcsC_2 rcsC_3 rcsC_4
[14:27:05] Fixed 4 duplicate /gene - betI_1 betI_2 betI_3 betI_4
[14:27:05] Fixed 2 duplicate /gene - mepS_1 mepS_2
[14:27:05] Fixed 2 duplicate /gene - higB2_1 higB2_2
[14:27:05] Fixed 2 duplicate /gene - nagC_1 nagC_2
[14:27:05] Fixed 2 duplicate /gene - glgC_1 glgC_2
[14:27:05] Fixed 2 duplicate /gene - puuB_1 puuB_2
[14:27:05] Fixed 2 duplicate /gene - astC_1 astC_2
[14:27:05] Fixed 2 duplicate /gene - fdnG_1 fdnG_2
[14:27:05] Fixed 3 duplicate /gene - glmS_1 glmS_2 glmS_3
[14:27:05] Fixed 2 duplicate /gene - topA_1 topA_2
[14:27:05] Fixed 2 duplicate /gene - bcr_1 bcr_2
[14:27:05] Fixed 2 duplicate /gene - nupC_1 nupC_2
[14:27:05] Fixed 2 duplicate /gene - dgoK_1 dgoK_2
[14:27:05] Fixed 2 duplicate /gene - lldD_1 lldD_2
[14:27:05] Fixed 2 duplicate /gene - oppF_1 oppF_2
[14:27:05] Fixed 3 duplicate /gene - glcR_1 glcR_2 glcR_3
[14:27:05] Fixed 2 duplicate /gene - ppiC_1 ppiC_2
[14:27:05] Fixed 5 duplicate /gene - chbA_1 chbA_2 chbA_3 chbA_4 chbA_5
[14:27:05] Fixed 2 duplicate /gene - bcsB_1 bcsB_2
[14:27:05] Fixed 2 duplicate /gene - aaeB_1 aaeB_2
[14:27:05] Fixed 2 duplicate /gene - era_1 era_2
[14:27:05] Fixed 2 duplicate /gene - trmL_1 trmL_2
[14:27:05] Fixed 8 duplicate /gene - rbsC_1 rbsC_2 rbsC_3 rbsC_4 rbsC_5 rbsC_6 rbsC_7 rbsC_8
[14:27:05] Fixed 2 duplicate /gene - cobC_1 cobC_2
[14:27:05] Fixed 6 duplicate /gene - vgrG2b_1 vgrG2b_2 vgrG2b_3 vgrG2b_4 vgrG2b_5 vgrG2b_6
[14:27:05] Fixed 2 duplicate /gene - gntR_1 gntR_2
[14:27:05] Fixed 2 duplicate /gene - rhtB_1 rhtB_2
[14:27:05] Fixed 4 duplicate /gene - celA_1 celA_2 celA_3 celA_4
[14:27:05] Fixed 2 duplicate /gene - betB_1 betB_2
[14:27:05] Fixed 2 duplicate /gene - ygiW_1 ygiW_2
[14:27:05] Fixed 3 duplicate /gene - dauA_1 dauA_2 dauA_3
[14:27:05] Fixed 2 duplicate /gene - traC_1 traC_2
[14:27:05] Fixed 2 duplicate /gene - fbpC2_1 fbpC2_2
[14:27:05] Fixed 2 duplicate /gene - dctA_1 dctA_2
[14:27:05] Fixed 2 duplicate /gene - tssB1_1 tssB1_2
[14:27:05] Fixed 2 duplicate /gene - ydgJ_1 ydgJ_2
[14:27:05] Fixed 3 duplicate /gene - suhB_1 suhB_2 suhB_3
[14:27:05] Fixed 2 duplicate /gene - oppD_1 oppD_2
[14:27:05] Fixed 2 duplicate /gene - ribX_1 ribX_2
[14:27:05] Fixed 4 duplicate /gene - intA_1 intA_2 intA_3 intA_4
[14:27:05] Fixed 2 duplicate /gene - ybhF_1 ybhF_2
[14:27:05] Fixed 2 duplicate /gene - cysH_1 cysH_2
[14:27:05] Fixed 2 duplicate /gene - nudK_1 nudK_2
[14:27:05] Fixed 7 duplicate /gene - licC_1 licC_2 licC_3 licC_4 licC_5 licC_6 licC_7
[14:27:05] Fixed 2 duplicate /gene - ssuC_1 ssuC_2
[14:27:05] Fixed 2 duplicate /gene - atoB_1 atoB_2
[14:27:05] Fixed 2 duplicate /gene - mepM_1 mepM_2
[14:27:05] Fixed 2 duplicate /gene - fimD_1 fimD_2
[14:27:05] Fixed 3 duplicate /gene - livH_1 livH_2 livH_3
[14:27:05] Fixed 2 duplicate /gene - fdoG_1 fdoG_2
[14:27:05] Fixed 3 duplicate /gene - ulaC_1 ulaC_2 ulaC_3
[14:27:05] Fixed 2 duplicate /gene - fhuC_1 fhuC_2
[14:27:05] Fixed 2 duplicate /gene - fluC_1 fluC_2
[14:27:05] Fixed 2 duplicate /gene - tufA_1 tufA_2
[14:27:05] Fixed 2 duplicate /gene - hin_1 hin_2
[14:27:05] Fixed 4 duplicate /gene - gabR_1 gabR_2 gabR_3 gabR_4
[14:27:05] Fixed 2 duplicate /gene - hpf_1 hpf_2
[14:27:05] Fixed 2 duplicate /gene - ada_1 ada_2
[14:27:05] Fixed 2 duplicate /gene - murQ_1 murQ_2
[14:27:05] Fixed 4 duplicate /gene - mdtA_1 mdtA_2 mdtA_3 mdtA_4
[14:27:05] Fixed 2 duplicate /gene - csbX_1 csbX_2
[14:27:05] Fixed 3 duplicate /gene - uspG_1 uspG_2 uspG_3
[14:27:05] Fixed 2 duplicate /gene - ompA_1 ompA_2
[14:27:05] Fixed 3 duplicate /gene - ddpC_1 ddpC_2 ddpC_3
[14:27:05] Fixed 3 duplicate /gene - tcyL_1 tcyL_2 tcyL_3
[14:27:05] Fixed 2 duplicate /gene - cobD_1 cobD_2
[14:27:05] Fixed 2 duplicate /gene - rob_1 rob_2
[14:27:05] Fixed 3 duplicate /gene - fruA_1 fruA_2 fruA_3
[14:27:05] Fixed 2 duplicate /gene - kgtP_1 kgtP_2
[14:27:05] Fixed 4 duplicate /gene - bla_1 bla_2 bla_3 bla_4
[14:27:05] Fixed 3 duplicate /gene - scrY_1 scrY_2 scrY_3
[14:27:05] Fixed 3 duplicate /gene - tsaR_1 tsaR_2 tsaR_3
[14:27:05] Fixed 3 duplicate /gene - ttuB_1 ttuB_2 ttuB_3
[14:27:05] Fixed 2 duplicate /gene - hisJ_1 hisJ_2
[14:27:05] Fixed 2 duplicate /gene - bepA_1 bepA_2
[14:27:05] Fixed 2 duplicate /gene - noc_1 noc_2
[14:27:05] Fixed 3 duplicate /gene - bglA_1 bglA_2 bglA_3
[14:27:05] Fixed 2 duplicate /gene - astD_1 astD_2
[14:27:05] Fixed 3 duplicate /gene - dppF_1 dppF_2 dppF_3
[14:27:05] Fixed 3 duplicate /gene - gsiC_1 gsiC_2 gsiC_3
[14:27:05] Fixed 2 duplicate /gene - glpF_1 glpF_2
[14:27:05] Fixed 2 duplicate /gene - dadA_1 dadA_2
[14:27:05] Fixed 3 duplicate /gene - sotB_1 sotB_2 sotB_3
[14:27:05] Fixed 3 duplicate /gene - lrp_1 lrp_2 lrp_3
[14:27:05] Fixed 2 duplicate /gene - gmuD_1 gmuD_2
[14:27:05] Fixed 3 duplicate /gene - umuD_1 umuD_2 umuD_3
[14:27:05] Fixed 2 duplicate /gene - yiaW_1 yiaW_2
[14:27:05] Fixed 2 duplicate /gene - proS_1 proS_2
[14:27:05] Fixed 2 duplicate /gene - ftnA_1 ftnA_2
[14:27:05] Fixed 2 duplicate /gene - pat_1 pat_2
[14:27:05] Fixed 2 duplicate /gene - ettA_1 ettA_2
[14:27:05] Fixed 2 duplicate /gene - astA_1 astA_2
[14:27:05] Fixed 3 duplicate /gene - lptB_1 lptB_2 lptB_3
[14:27:05] Fixed 2 duplicate /gene - guaD_1 guaD_2
[14:27:05] Fixed 2 duplicate /gene - malT_1 malT_2
[14:27:05] Fixed 2 duplicate /gene - msuD_1 msuD_2
[14:27:05] Fixed 4 duplicate /gene - rbsA_1 rbsA_2 rbsA_3 rbsA_4
[14:27:05] Fixed 2 duplicate /gene - sasA_1 sasA_2
[14:27:05] Fixed 3 duplicate /gene - hmuU_1 hmuU_2 hmuU_3
[14:27:05] Fixed 2 duplicate /gene - lysN_1 lysN_2
[14:27:05] Fixed 2 duplicate /gene - ugpB_1 ugpB_2
[14:27:05] Fixed 2 duplicate /gene - pduD_1 pduD_2
[14:27:05] Fixed 4 duplicate /gene - iolG_1 iolG_2 iolG_3 iolG_4
[14:27:05] Fixed 4 duplicate /gene - hdfR_1 hdfR_2 hdfR_3 hdfR_4
[14:27:05] Fixed 4 duplicate /gene - iolE_1 iolE_2 iolE_3 iolE_4
[14:27:05] Fixed 3 duplicate /gene - gltR_1 gltR_2 gltR_3
[14:27:05] Fixed 4 duplicate /gene - aaeR_1 aaeR_2 aaeR_3 aaeR_4
[14:27:05] Fixed 2 duplicate /gene - ptxR_1 ptxR_2
[14:27:05] Fixed 2 duplicate /gene - yhhT_1 yhhT_2
[14:27:05] Fixed 2 duplicate /gene - metC_1 metC_2
[14:27:05] Fixed 2 duplicate /gene - ibpB_1 ibpB_2
[14:27:05] Fixed 2 duplicate /gene - fucP_1 fucP_2
[14:27:05] Fixed 3 duplicate /gene - yicJ_1 yicJ_2 yicJ_3
[14:27:05] Fixed 5 duplicate /gene - nimR_1 nimR_2 nimR_3 nimR_4 nimR_5
[14:27:05] Fixed 2 duplicate /gene - ilvB_1 ilvB_2
[14:27:05] Fixed 5 duplicate /gene - malP_1 malP_2 malP_3 malP_4 malP_5
[14:27:05] Fixed 4 duplicate /gene - metQ_1 metQ_2 metQ_3 metQ_4
[14:27:05] Fixed 2 duplicate /gene - tenA_1 tenA_2
[14:27:05] Fixed 2 duplicate /gene - aroE_1 aroE_2
[14:27:05] Fixed 2 duplicate /gene - ygaZ_1 ygaZ_2
[14:27:05] Fixed 2 duplicate /gene - lsrF_1 lsrF_2
[14:27:05] Fixed 2 duplicate /gene - ppa_1 ppa_2
[14:27:05] Fixed 2 duplicate /gene - btuF_1 btuF_2
[14:27:05] Fixed 2 duplicate /gene - phnE_1 phnE_2
[14:27:05] Fixed 2 duplicate /gene - ahpC_1 ahpC_2
[14:27:05] Fixed 2 duplicate /gene - cobT_1 cobT_2
[14:27:05] Fixed 2 duplicate /gene - hisQ_1 hisQ_2
[14:27:05] Fixed 3 duplicate /gene - arsC_1 arsC_2 arsC_3
[14:27:05] Fixed 2 duplicate /gene - dmsA_1 dmsA_2
[14:27:05] Fixed 2 duplicate /gene - oppA_1 oppA_2
[14:27:05] Fixed 2 duplicate /gene - hisC_1 hisC_2
[14:27:05] Fixed 2 duplicate /gene - pdeC_1 pdeC_2
[14:27:05] Fixed 2 duplicate /gene - fabD_1 fabD_2
[14:27:05] Fixed 2 duplicate /gene - dhaK_1 dhaK_2
[14:27:05] Fixed 2 duplicate /gene - kduD_1 kduD_2
[14:27:05] Fixed 2 duplicate /gene - ddpA_1 ddpA_2
[14:27:05] Fixed 2 duplicate /gene - fabF_1 fabF_2
[14:27:05] Fixed 2 duplicate /gene - citA_1 citA_2
[14:27:05] Fixed 4 duplicate /gene - hcpA_1 hcpA_2 hcpA_3 hcpA_4
[14:27:05] Fixed 3 duplicate /gene - nepI_1 nepI_2 nepI_3
[14:27:05] Fixed 4 duplicate /gene - ygdR_1 ygdR_2 ygdR_3 ygdR_4
[14:27:05] Fixed 2 duplicate /gene - oadA_1 oadA_2
[14:27:05] Fixed 2 duplicate /gene - cysG_1 cysG_2
[14:27:05] Fixed 2 duplicate /gene - lpxL_1 lpxL_2
[14:27:05] Fixed 2 duplicate /gene - lsrD_1 lsrD_2
[14:27:05] Fixed 2 duplicate /gene - cds1_1 cds1_2
[14:27:05] Fixed 2 duplicate /gene - btuD_1 btuD_2
[14:27:05] Fixed 3 duplicate /gene - glnH_1 glnH_2 glnH_3
[14:27:05] Fixed 4 duplicate /gene - sorC_1 sorC_2 sorC_3 sorC_4
[14:27:05] Fixed 2 duplicate /gene - ftsH_1 ftsH_2
[14:27:05] Fixed 2 duplicate /gene - araC_1 araC_2
[14:27:05] Fixed 2 duplicate /gene - rppH_1 rppH_2
[14:27:05] Fixed 3 duplicate /gene - umuC_1 umuC_2 umuC_3
[14:27:05] Fixed 2 duplicate /gene - kdgK_1 kdgK_2
[14:27:05] Fixed 2 duplicate /gene - gsiD_1 gsiD_2
[14:27:05] Fixed 2 duplicate /gene - dgoR_1 dgoR_2
[14:27:05] Fixed 2 duplicate /gene - sad_1 sad_2
[14:27:05] Fixed 2 duplicate /gene - cutC_1 cutC_2
[14:27:05] Fixed 2 duplicate /gene - agp_1 agp_2
[14:27:05] Fixed 2 duplicate /gene - rbn_1 rbn_2
[14:27:05] Fixed 2 duplicate /gene - rutB_1 rutB_2
[14:27:05] Fixed 2 duplicate /gene - recF_1 recF_2
[14:27:05] Fixed 2 duplicate /gene - amaB_1 amaB_2
[14:27:05] Fixed 4 duplicate /gene - exuT_1 exuT_2 exuT_3 exuT_4
[14:27:05] Fixed 2 duplicate /gene - emrA_1 emrA_2
[14:27:05] Fixed 3 duplicate /gene - iprA_1 iprA_2 iprA_3
[14:27:05] Fixed 2 duplicate /gene - bamA_1 bamA_2
[14:27:05] Fixed 2 duplicate /gene - arsD_1 arsD_2
[14:27:05] Fixed 2 duplicate /gene - cmoO_1 cmoO_2
[14:27:05] Fixed 2 duplicate /gene - nlpD_1 nlpD_2
[14:27:05] Fixed 2 duplicate /gene - nhaA_1 nhaA_2
[14:27:05] Fixed 2 duplicate /gene - nodD2_1 nodD2_2
[14:27:05] Fixed 2 duplicate /gene - dppA_1 dppA_2
[14:27:05] Fixed 4 duplicate /gene - ulaA_1 ulaA_2 ulaA_3 ulaA_4
[14:27:05] Fixed 2 duplicate /gene - fhuA_1 fhuA_2
[14:27:05] Fixed 3 duplicate /gene - ssuA_1 ssuA_2 ssuA_3
[14:27:05] Fixed 2 duplicate /gene - bglF_1 bglF_2
[14:27:05] Fixed 2 duplicate /gene - tehA_1 tehA_2
[14:27:05] Fixed 2 duplicate /gene - sgrR_1 sgrR_2
[14:27:05] Fixed 2 duplicate /gene - codA_1 codA_2
[14:27:05] Fixed 2 duplicate /gene - ftsI_1 ftsI_2
[14:27:05] Fixed 2 duplicate /gene - gltA_1 gltA_2
[14:27:05] Fixed 2 duplicate /gene - aaeA_1 aaeA_2
[14:27:05] Fixed 2 duplicate /gene - hupB_1 hupB_2
[14:27:05] Fixed 2 duplicate /gene - pcpR_1 pcpR_2
[14:27:05] Fixed 2 duplicate /gene - mltF_1 mltF_2
[14:27:05] Fixed 2 duplicate /gene - lon_1 lon_2
[14:27:05] Fixed 3 duplicate /gene - mglA_1 mglA_2 mglA_3
[14:27:05] Fixed 2 duplicate /gene - mrkD_1 mrkD_2
[14:27:05] Fixed 2 duplicate /gene - lsrB_1 lsrB_2
[14:27:05] Fixed 4 duplicate /gene - rbsR_1 rbsR_2 rbsR_3 rbsR_4
[14:27:05] Fixed 2 duplicate /gene - fbaA_1 fbaA_2
[14:27:05] Fixed 2 duplicate /gene - ugpC_1 ugpC_2
[14:27:05] Fixed 3 duplicate /gene - pcaK_1 pcaK_2 pcaK_3
[14:27:05] Fixed 2 duplicate /gene - yafP_1 yafP_2
[14:27:05] Fixed 2 duplicate /gene - rluA_1 rluA_2
[14:27:05] Fixed 3 duplicate /gene - bglH_1 bglH_2 bglH_3
[14:27:05] Fixed 2 duplicate /gene - yghA_1 yghA_2
[14:27:05] Fixed 3 duplicate /gene - aegA_1 aegA_2 aegA_3
[14:27:05] Fixed 2 duplicate /gene - mdtH_1 mdtH_2
[14:27:05] Fixed 2 duplicate /gene - rafB_1 rafB_2
[14:27:05] Fixed 2 duplicate /gene - topB_1 topB_2
[14:27:05] Fixed 2 duplicate /gene - lyx_1 lyx_2
[14:27:05] Fixed 6 duplicate /gene - glnQ_1 glnQ_2 glnQ_3 glnQ_4 glnQ_5 glnQ_6
[14:27:05] Fixed 5 duplicate /gene - rhaR_1 rhaR_2 rhaR_3 rhaR_4 rhaR_5
[14:27:05] Fixed 3 duplicate /gene - fdhF_1 fdhF_2 fdhF_3
[14:27:05] Fixed 4 duplicate /gene - tcyJ_1 tcyJ_2 tcyJ_3 tcyJ_4
[14:27:05] Fixed 3 duplicate /gene - cydB_1 cydB_2 cydB_3
[14:27:05] Fixed 2 duplicate /gene - iolU_1 iolU_2
[14:27:05] Fixed 2 duplicate /gene - hpcE_1 hpcE_2
[14:27:05] Fixed 2 duplicate /gene - hxpB_1 hxpB_2
[14:27:05] Fixed 2 duplicate /gene - fumB_1 fumB_2
[14:27:05] Fixed 2 duplicate /gene - arsB_1 arsB_2
[14:27:05] Fixed 2 duplicate /gene - smoE_1 smoE_2
[14:27:05] Fixed 2 duplicate /gene - ycaD_1 ycaD_2
[14:27:05] Fixed 2 duplicate /gene - carA_1 carA_2
[14:27:05] Fixed 2 duplicate /gene - ribZ_1 ribZ_2
[14:27:05] Fixed 4 duplicate /gene - xylB_1 xylB_2 xylB_3 xylB_4
[14:27:05] Fixed 2 duplicate /gene - artQ_1 artQ_2
[14:27:05] Fixed 2 duplicate /gene - sbnD_1 sbnD_2
[14:27:05] Fixed 2 duplicate /gene - can_1 can_2
[14:27:05] Fixed 2 duplicate /gene - purR_1 purR_2
[14:27:05] Fixed 2 duplicate /gene - tyrB_1 tyrB_2
[14:27:05] Fixed 2 duplicate /gene - nfsB_1 nfsB_2
[14:27:05] Fixed 3 duplicate /gene - phoP_1 phoP_2 phoP_3
[14:27:05] Fixed 2 duplicate /gene - nfdA_1 nfdA_2
[14:27:05] Fixed 3 duplicate /gene - citG_1 citG_2 citG_3
[14:27:05] Fixed 2 duplicate /gene - lgoT_1 lgoT_2
[14:27:05] Fixed 2 duplicate /gene - gabD_1 gabD_2
[14:27:05] Fixed 5 duplicate /gene - srlR_1 srlR_2 srlR_3 srlR_4 srlR_5
[14:27:05] Fixed 4 duplicate /gene - gudP_1 gudP_2 gudP_3 gudP_4
[14:27:05] Fixed 3 duplicate /gene - cytR_1 cytR_2 cytR_3
[14:27:05] Fixed 2 duplicate /gene - blc_1 blc_2
[14:27:05] Fixed 2 duplicate /gene - htrE_1 htrE_2
[14:27:05] Fixed 2 duplicate /gene - ycbX_1 ycbX_2
[14:27:05] Fixed 2 duplicate /gene - ssb_1 ssb_2
[14:27:05] Fixed 2 duplicate /gene - mngR_1 mngR_2
[14:27:05] Fixed 2 duplicate /gene - oadG_1 oadG_2
[14:27:05] Fixed 2 duplicate /gene - mdtM_1 mdtM_2
[14:27:05] Fixed 2 duplicate /gene - acrR_1 acrR_2
[14:27:05] Fixed 4 duplicate /gene - dapA_1 dapA_2 dapA_3 dapA_4
[14:27:05] Fixed 3 duplicate /gene - metN_1 metN_2 metN_3
[14:27:05] Fixed 2 duplicate /gene - oprM_1 oprM_2
[14:27:05] Fixed 2 duplicate /gene - rutC_1 rutC_2
[14:27:05] Fixed 2 duplicate /gene - pduL_1 pduL_2
[14:27:05] Fixed 2 duplicate /gene - ylpA_1 ylpA_2
[14:27:05] Fixed 2 duplicate /gene - ydhP_1 ydhP_2
[14:27:05] Fixed 2 duplicate /gene - dinG_1 dinG_2
[14:27:05] Fixed 2 duplicate /gene - pdxA2_1 pdxA2_2
[14:27:05] Fixed 4 duplicate /gene - hipO_1 hipO_2 hipO_3 hipO_4
[14:27:05] Fixed 2 duplicate /gene - dgoA_1 dgoA_2
[14:27:05] Fixed 2 duplicate /gene - cusC_1 cusC_2
[14:27:05] Fixed 2 duplicate /gene - ybdO_1 ybdO_2
[14:27:05] Fixed 2 duplicate /gene - araB_1 araB_2
[14:27:05] Fixed 3 duplicate /gene - sorB_1 sorB_2 sorB_3
[14:27:05] Fixed 2 duplicate /gene - fruB_1 fruB_2
[14:27:05] Fixed 2 duplicate /gene - dbpA_1 dbpA_2
[14:27:05] Fixed 3 duplicate /gene - potA_1 potA_2 potA_3
[14:27:05] Fixed 2 duplicate /gene - asd_1 asd_2
[14:27:05] Fixed 2 duplicate /gene - aroP_1 aroP_2
[14:27:05] Fixed 4 duplicate /gene - metI_1 metI_2 metI_3 metI_4
[14:27:05] Fixed 2 duplicate /gene - dam_1 dam_2
[14:27:05] Fixed 2 duplicate /gene - ybhR_1 ybhR_2
[14:27:05] Fixed 2 duplicate /gene - azoR_1 azoR_2
[14:27:05] Fixed 2 duplicate /gene - norB_1 norB_2
[14:27:05] Fixed 2 duplicate /gene - ompN_1 ompN_2
[14:27:05] Fixed 3 duplicate /gene - lldR_1 lldR_2 lldR_3
[14:27:05] Fixed 3 duplicate /gene - pncC_1 pncC_2 pncC_3
[14:27:05] Fixed 2 duplicate /gene - mqo_1 mqo_2
[14:27:05] Fixed 4 duplicate /gene - lamB_1 lamB_2 lamB_3 lamB_4
[14:27:05] Fixed 2 duplicate /gene - ramA_1 ramA_2
[14:27:05] Fixed 2 duplicate /gene - arsH_1 arsH_2
[14:27:05] Fixed 2 duplicate /gene - yqhC_1 yqhC_2
[14:27:05] Fixed 2 duplicate /gene - dgoT_1 dgoT_2
[14:27:05] Fixed 2 duplicate /gene - yciE_1 yciE_2
[14:27:05] Fixed 2 duplicate /gene - cusF_1 cusF_2
[14:27:05] Fixed 2 duplicate /gene - gltJ_1 gltJ_2
[14:27:05] Fixed 2 duplicate /gene - bioH_1 bioH_2
[14:27:05] Fixed 2 duplicate /gene - cdaR_1 cdaR_2
[14:27:05] Fixed 2 duplicate /gene - pdeH_1 pdeH_2
[14:27:05] Fixed 2 duplicate /gene - bhsA_1 bhsA_2
[14:27:05] Fixed 2 duplicate /gene - yheS_1 yheS_2
[14:27:05] Fixed 2 duplicate /gene - merC_1 merC_2
[14:27:05] Fixed 2 duplicate /gene - alsE_1 alsE_2
[14:27:05] Fixed 2 duplicate /gene - ybdG_1 ybdG_2
[14:27:05] Fixed 2 duplicate /gene - hdeB_1 hdeB_2
[14:27:05] Fixed 2 duplicate /gene - dnaA_1 dnaA_2
[14:27:05] Fixed 2 duplicate /gene - cmpR_1 cmpR_2
[14:27:05] Fixed 2 duplicate /gene - norW_1 norW_2
[14:27:05] Fixed 2 duplicate /gene - astE_1 astE_2
[14:27:05] Fixed 2 duplicate /gene - yohK_1 yohK_2
[14:27:05] Fixed 2 duplicate /gene - pckA_1 pckA_2
[14:27:05] Fixed 2 duplicate /gene - lgdh_1 lgdh_2
[14:27:05] Fixed 2 duplicate /gene - fusA1_1 fusA1_2
[14:27:05] Fixed 3 duplicate /gene - klcA_1 klcA_2 klcA_3
[14:27:05] Fixed 2 duplicate /gene - clcB_1 clcB_2
[14:27:05] Fixed 5 duplicate /gene - yajO_1 yajO_2 yajO_3 yajO_4 yajO_5
[14:27:05] Fixed 2 duplicate /gene - licH_1 licH_2
[14:27:05] Fixed 3 duplicate /gene - manZ_1 manZ_2 manZ_3
[14:27:05] Fixed 6 duplicate /gene - cynR_1 cynR_2 cynR_3 cynR_4 cynR_5 cynR_6
[14:27:05] Fixed 7 duplicate /gene - xerC_1 xerC_2 xerC_3 xerC_4 xerC_5 xerC_6 xerC_7
[14:27:05] Fixed 2 duplicate /gene - eutL_1 eutL_2
[14:27:05] Fixed 2 duplicate /gene - dmsB_1 dmsB_2
[14:27:05] Fixed 3 duplicate /gene - talB_1 talB_2 talB_3
[14:27:05] Fixed 2 duplicate /gene - leuA_1 leuA_2
[14:27:05] Fixed 2 duplicate /gene - ydfK_1 ydfK_2
[14:27:05] Fixed 4 duplicate /gene - glpR_1 glpR_2 glpR_3 glpR_4
[14:27:05] Fixed 2 duplicate /gene - zapE_1 zapE_2
[14:27:05] Fixed 2 duplicate /gene - lacI_1 lacI_2
[14:27:05] Fixed 2 duplicate /gene - pyrG_1 pyrG_2
[14:27:05] Fixed 2 duplicate /gene - norG_1 norG_2
[14:27:05] Fixed 2 duplicate /gene - yfbR_1 yfbR_2
[14:27:05] Fixed 2 duplicate /gene - srlB_1 srlB_2
[14:27:05] Fixed 2 duplicate /gene - acrB_1 acrB_2
[14:27:05] Fixed 2 duplicate /gene - roxA_1 roxA_2
[14:27:05] Fixed 4 duplicate /gene - dmlR_1 dmlR_2 dmlR_3 dmlR_4
[14:27:05] Fixed 2 duplicate /gene - dsbD_1 dsbD_2
[14:27:05] Fixed 2 duplicate /gene - eutB_1 eutB_2
[14:27:05] Fixed 2 duplicate /gene - yhhS_1 yhhS_2
[14:27:05] Fixed 2 duplicate /gene - pduE_1 pduE_2
[14:27:05] Fixed 2 duplicate /gene - arnC_1 arnC_2
[14:27:05] Fixed 2 duplicate /gene - kefF_1 kefF_2
[14:27:05] Fixed 5 duplicate /gene - rbsB_1 rbsB_2 rbsB_3 rbsB_4 rbsB_5
[14:27:05] Fixed 3 duplicate /gene - garK_1 garK_2 garK_3
[14:27:05] Fixed 2 duplicate /gene - ugpA_1 ugpA_2
[14:27:05] Fixed 2 duplicate /gene - glgS_1 glgS_2
[14:27:05] Fixed 3 duplicate /gene - pduO_1 pduO_2 pduO_3
[14:27:05] Fixed 2 duplicate /gene - sdaC_1 sdaC_2
[14:27:05] Fixed 3 duplicate /gene - gltC_1 gltC_2 gltC_3
[14:27:05] Fixed 4 duplicate /gene - gstB_1 gstB_2 gstB_3 gstB_4
[14:27:05] Fixed 9 duplicate /gene - rhaS_1 rhaS_2 rhaS_3 rhaS_4 rhaS_5 rhaS_6 rhaS_7 rhaS_8 rhaS_9
[14:27:05] Fixed 6 duplicate /gene - livF_1 livF_2 livF_3 livF_4 livF_5 livF_6
[14:27:05] Fixed 2 duplicate /gene - bcsQ_1 bcsQ_2
[14:27:05] Fixed 2 duplicate /gene - yeaR_1 yeaR_2
[14:27:05] Fixed 2 duplicate /gene - shiA_1 shiA_2
[14:27:05] Fixed 2 duplicate /gene - aspT_1 aspT_2
[14:27:05] Fixed 4 duplicate /gene - pal_1 pal_2 pal_3 pal_4
[14:27:05] Fixed 2 duplicate /gene - dsdC_1 dsdC_2
[14:27:05] Fixed 2 duplicate /gene - glnP_1 glnP_2
[14:27:05] Fixed 3 duplicate /gene - slyA_1 slyA_2 slyA_3
[14:27:05] Fixed 2 duplicate /gene - gatC_1 gatC_2
[14:27:05] Fixed 2 duplicate /gene - yncE_1 yncE_2
[14:27:05] Fixed 2 duplicate /gene - kefC_1 kefC_2
[14:27:05] Fixed 2 duplicate /gene - astB_1 astB_2
[14:27:05] Fixed 2 duplicate /gene - cobS_1 cobS_2
[14:27:05] Fixed 2 duplicate /gene - lexA_1 lexA_2
[14:27:05] Fixed 2 duplicate /gene - sacP_1 sacP_2
[14:27:05] Fixed 2 duplicate /gene - bdcA_1 bdcA_2
[14:27:05] Fixed 2 duplicate /gene - proP_1 proP_2
[14:27:05] Fixed 2 duplicate /gene - vldW_1 vldW_2
[14:27:05] Fixed 9 duplicate /gene - fabG_1 fabG_2 fabG_3 fabG_4 fabG_5 fabG_6 fabG_7 fabG_8 fabG_9
[14:27:05] Fixed 3 duplicate /gene - yibH_1 yibH_2 yibH_3
[14:27:05] Fixed 2 duplicate /gene - aqpZ_1 aqpZ_2
[14:27:05] Fixed 2 duplicate /gene - uxuA_1 uxuA_2
[14:27:05] Fixed 2 duplicate /gene - merP_1 merP_2
[14:27:05] Fixed 4 duplicate /gene - menH_1 menH_2 menH_3 menH_4
[14:27:05] Fixed 2 duplicate /gene - dsbC_1 dsbC_2
[14:27:05] Fixed 3 duplicate /gene - dppB_1 dppB_2 dppB_3
[14:27:05] Fixed 2 duplicate /gene - xanP_1 xanP_2
[14:27:05] Fixed 2 duplicate /gene - feaB_1 feaB_2
[14:27:05] Fixed 2 duplicate /gene - ulaB_1 ulaB_2
[14:27:05] Fixed 2 duplicate /gene - gdx_1 gdx_2
[14:27:05] Fixed 2 duplicate /gene - deoC_1 deoC_2
[14:27:05] Fixed 3 duplicate /gene - ssuB_1 ssuB_2 ssuB_3
[14:27:05] Fixed 2 duplicate /gene - dnaC_1 dnaC_2
[14:27:05] Fixed 2 duplicate /gene - rstB_1 rstB_2
[14:27:05] Fixed 2 duplicate /gene - mgtE_1 mgtE_2
[14:27:05] Fixed 2 duplicate /gene - htpX_1 htpX_2
[14:27:05] Fixed 2 duplicate /gene - yabI_1 yabI_2
[14:27:05] Fixed 2 duplicate /gene - merA_1 merA_2
[14:27:05] Fixed 2 duplicate /gene - ctpF_1 ctpF_2
[14:27:05] Fixed 3 duplicate /gene - ascG_1 ascG_2 ascG_3
[14:27:05] Fixed 2 duplicate /gene - tssC1_1 tssC1_2
[14:27:05] Fixed 2 duplicate /gene - malK_1 malK_2
[14:27:05] Fixed 3 duplicate /gene - yhaJ_1 yhaJ_2 yhaJ_3
[14:27:05] Fixed 2 duplicate /gene - smc_1 smc_2
[14:27:05] Fixed 3 duplicate /gene - rhtC_1 rhtC_2 rhtC_3
[14:27:05] Fixed 2 duplicate /gene - xylG_1 xylG_2
[14:27:05] Fixed 3 duplicate /gene - ridA_1 ridA_2 ridA_3
[14:27:05] Fixed 2 duplicate /gene - dinI_1 dinI_2
[14:27:05] Fixed 2 duplicate /gene - hsrA_1 hsrA_2
[14:27:05] Fixed 2 duplicate /gene - apbE_1 apbE_2
[14:27:05] Fixed 2 duplicate /gene - por_1 por_2
[14:27:05] Fixed 5 duplicate /gene - oxyR_1 oxyR_2 oxyR_3 oxyR_4 oxyR_5
[14:27:05] Fixed 2 duplicate /gene - artJ_1 artJ_2
[14:27:05] Fixed 2 duplicate /gene - pspF_1 pspF_2
[14:27:05] Fixed 2 duplicate /gene - tus_1 tus_2
[14:27:05] Fixed 2 duplicate /gene - tktA_1 tktA_2
[14:27:05] Fixed 2 duplicate /gene - oadB_1 oadB_2
[14:27:05] Fixed 2 duplicate /gene - qorA_1 qorA_2
[14:27:05] Fixed 4 duplicate /gene - tssF1_1 tssF1_2 tssF1_3 tssF1_4
[14:27:05] Fixed 2 duplicate /gene - yeaX_1 yeaX_2
[14:27:05] Fixed 5 duplicate /gene - crgA_1 crgA_2 crgA_3 crgA_4 crgA_5
[14:27:05] Fixed 2 duplicate /gene - chcC2_1 chcC2_2
[14:27:05] Fixed 3 duplicate /gene - uup_1 uup_2 uup_3
[14:27:05] Fixed 2 duplicate /gene - glpE_1 glpE_2
[14:27:05] Fixed 2 duplicate /gene - citB_1 citB_2
[14:27:05] Fixed 4 duplicate /gene - norR_1 norR_2 norR_3 norR_4
[14:27:05] Fixed 2 duplicate /gene - merT_1 merT_2
[14:27:05] Fixed 2 duplicate /gene - yadV_1 yadV_2
[14:27:05] Fixed 2 duplicate /gene - ompR_1 ompR_2
[14:27:05] Fixed 3 duplicate /gene - adhE_1 adhE_2 adhE_3
[14:27:05] Fixed 2 duplicate /gene - map_1 map_2
[14:27:05] Fixed 2 duplicate /gene - argE_1 argE_2
[14:27:05] Fixed 4 duplicate /gene - rbsK_1 rbsK_2 rbsK_3 rbsK_4
[14:27:05] Fixed 4 duplicate /gene - hexR_1 hexR_2 hexR_3 hexR_4
[14:27:05] Fixed 3 duplicate /gene - pcaR_1 pcaR_2 pcaR_3
[14:27:05] Fixed 444 colliding /gene names.
[14:27:05] Adding /locus_tag identifiers
[14:27:05] Assigned 5510 locus_tags to CDS and RNA features.
[14:27:05] Writing outputs to 10_pangenome/annotations/NR5632/
[14:27:15] Generating annotation statistics file
[14:27:15] Generating Genbank and Sequin files
[14:27:15] Running: tbl2asn -V b -a r10k -l paired-ends -M n -N 1 -y 'Annotated using prokka 1.15.6 from https://github.com/tseemann/prokka' -Z 10_pangenome\/annotations\/NR5632\/NR5632\.err -i 10_pangenome\/annotations\/NR5632\/NR5632\.fsa 2> /dev/null
[14:27:58] Deleting unwanted file: 10_pangenome/annotations/NR5632/errorsummary.val
[14:27:58] Deleting unwanted file: 10_pangenome/annotations/NR5632/NR5632.dr
[14:27:58] Deleting unwanted file: 10_pangenome/annotations/NR5632/NR5632.fixedproducts
[14:27:58] Deleting unwanted file: 10_pangenome/annotations/NR5632/NR5632.ecn
[14:27:58] Deleting unwanted file: 10_pangenome/annotations/NR5632/NR5632.val
[14:27:58] Repairing broken .GBK output that tbl2asn produces...
[14:27:58] Running: sed 's/COORDINATES: profile/COORDINATES:profile/' < 10_pangenome\/annotations\/NR5632\/NR5632\.gbf > 10_pangenome\/annotations\/NR5632\/NR5632\.gbk
[14:28:05] Deleting unwanted file: 10_pangenome/annotations/NR5632/NR5632.gbf
[14:28:05] Output files:
[14:28:05] 10_pangenome/annotations/NR5632/NR5632.err
[14:28:05] 10_pangenome/annotations/NR5632/NR5632.faa
[14:28:05] 10_pangenome/annotations/NR5632/NR5632.ffn
[14:28:05] 10_pangenome/annotations/NR5632/NR5632.fna
[14:28:05] 10_pangenome/annotations/NR5632/NR5632.fsa
[14:28:05] 10_pangenome/annotations/NR5632/NR5632.gbk
[14:28:05] 10_pangenome/annotations/NR5632/NR5632.gff
[14:28:05] 10_pangenome/annotations/NR5632/NR5632.log
[14:28:05] 10_pangenome/annotations/NR5632/NR5632.sqn
[14:28:05] 10_pangenome/annotations/NR5632/NR5632.tbl
[14:28:05] 10_pangenome/annotations/NR5632/NR5632.tsv
[14:28:05] 10_pangenome/annotations/NR5632/NR5632.txt
[14:28:05] Annotation finished successfully.
[14:28:05] Walltime used: 8.05 minutes
[14:28:05] If you use this result please cite the Prokka paper:
[14:28:05] Seemann T (2014) Prokka: rapid prokaryotic genome annotation. Bioinformatics. 30(14):2068-9.
[14:28:05] Type 'prokka --citation' for more details.
[14:28:05] Share and enjoy!
