[14:36:46] This is prokka 1.15.6
[14:36:46] Written by Torsten Seemann <torsten.seemann@gmail.com>
[14:36:46] Homepage is https://github.com/tseemann/prokka
[14:36:46] Local time is Tue Aug 18 14:36:46 2026
[14:36:46] You are root
[14:36:46] Operating system is linux
[14:36:46] You have BioPerl 1.7.8
[14:36:46] System has 16 cores.
[14:36:46] Will use maximum of 4 cores.
[14:36:46] Annotating as >>> Bacteria <<<
[14:36:46] Generating locus_tag from '10_pangenome/genomes/SRR7345603.fasta' contents.
[14:36:46] Setting --locustag CFOCILDN from MD5 cf8c25d79e427b87ddad77c2a83cc6b2
[14:36:46] Creating new output folder: 10_pangenome/annotations/SRR7345603
[14:36:46] Running: mkdir -p 10_pangenome\/annotations\/SRR7345603
[14:36:46] Using filename prefix: SRR7345603.XXX
[14:36:46] Setting HMMER_NCPU=1
[14:36:46] Writing log to: 10_pangenome/annotations/SRR7345603/SRR7345603.log
[14:36:46] Command: /root/miniconda3/envs/prokka_env/bin/prokka --outdir 10_pangenome/annotations/SRR7345603 --prefix SRR7345603 --genus Klebsiella --species pneumoniae --strain SRR7345603 --cpus 4 10_pangenome/genomes/SRR7345603.fasta
[14:36:46] Looking for 'aragorn' - found /root/miniconda3/envs/prokka_env/bin/aragorn
[14:36:46] Determined aragorn version is v1.2 from 'ARAGORN v1.2.41 Dean Laslett'
[14:36:46] Looking for 'barrnap' - found /root/miniconda3/envs/prokka_env/bin/barrnap
[14:36:46] Determined barrnap version is v1.10 from 'barrnap 1.10.5'
[14:36:46] Looking for 'blastp' - found /root/miniconda3/envs/prokka_env/bin/blastp
[14:36:46] Determined blastp version is v2.17 from 'blastp: 2.17.0+'
[14:36:46] Looking for 'cmpress' - found /root/miniconda3/envs/prokka_env/bin/cmpress
[14:36:46] Determined cmpress version is v1.1 from '# INFERNAL 1.1.5 (Sep 2023)'
[14:36:46] Looking for 'cmscan' - found /root/miniconda3/envs/prokka_env/bin/cmscan
[14:36:46] Determined cmscan version is v1.1 from '# INFERNAL 1.1.5 (Sep 2023)'
[14:36:46] Looking for 'egrep' - found /usr/bin/egrep
[14:36:46] Looking for 'find' - found /usr/bin/find
[14:36:46] Looking for 'grep' - found /usr/bin/grep
[14:36:46] Looking for 'hmmpress' - found /root/miniconda3/envs/prokka_env/bin/hmmpress
[14:36:46] Determined hmmpress version is v3.4 from '# HMMER 3.4 (Aug 2023); http://hmmer.org/'
[14:36:46] Looking for 'hmmscan' - found /root/miniconda3/envs/prokka_env/bin/hmmscan
[14:36:46] Determined hmmscan version is v3.4 from '# HMMER 3.4 (Aug 2023); http://hmmer.org/'
[14:36:46] Looking for 'java' - found /root/miniconda3/envs/prokka_env/bin/java
[14:36:46] Looking for 'makeblastdb' - found /root/miniconda3/envs/prokka_env/bin/makeblastdb
[14:36:47] Determined makeblastdb version is v2.17 from 'makeblastdb: 2.17.0+'
[14:36:47] Looking for 'minced' - found /root/miniconda3/envs/prokka_env/bin/minced
[14:36:47] Determined minced version is v4.2 from 'minced 0.4.2'
[14:36:47] Looking for 'parallel' - found /root/miniconda3/envs/prokka_env/bin/parallel
[14:36:48] Determined parallel version is 20260722 from 'GNU parallel 20260722'
[14:36:48] Looking for 'prodigal' - found /root/miniconda3/envs/prokka_env/bin/prodigal
[14:36:48] Determined prodigal version is v2.6 from 'Prodigal V2.6.3: February, 2016'
[14:36:48] Looking for 'prokka-genbank_to_fasta_db' - found /root/miniconda3/envs/prokka_env/bin/prokka-genbank_to_fasta_db
[14:36:48] Looking for 'sed' - found /usr/bin/sed
[14:36:48] Looking for 'tbl2asn' - found /root/miniconda3/envs/prokka_env/bin/tbl2asn
[14:36:48] Determined tbl2asn version is v25.7 from 'tbl2asn 25.7   arguments:'
[14:36:48] Using genetic code table 11.
[14:36:48] Loading and checking input file: 10_pangenome/genomes/SRR7345603.fasta
[14:36:48] Wrote 139 contigs totalling 5296923 bp.
[14:36:48] Predicting tRNAs and tmRNAs
[14:36:48] Running: aragorn -l -gc11  -w 10_pangenome\/annotations\/SRR7345603\/SRR7345603\.fna
[14:36:55] 1 tRNA-Val [772967,773043] 35 (gac)
[14:36:55] 2 tRNA-Val [773048,773124] 35 (gac)
[14:36:55] 3 tRNA-Val [773129,773205] 35 (gac)
[14:36:55] 4 tRNA-Tyr [981702,981782] 35 (gta)
[14:36:55] 1 tRNA-Leu c[96994,97080] 35 (cag)
[14:36:55] 1 tRNA-Arg c[1,76] 35 (acg)
[14:36:55] 2 tRNA-Ser c[81,173] 35 (gct)
[14:36:55] 3 tRNA-Met [165271,165347] 35 (cat)
[14:36:55] 4 tRNA-Gly c[325940,326013] 33 (ccc)
[14:36:55] 1 tRNA-Phe [43821,43896] 34 (gaa)
[14:36:55] 2 tRNA-Met [113474,113549] 34 (cat)
[14:36:55] 3 tRNA-Met c[219124,219200] 35 (cat)
[14:36:55] 4 tRNA-Leu c[223131,223217] 35 (gag)
[14:36:55] 5 tRNA-Thr c[307566,307641] 34 (ggt)
[14:36:55] 1 tRNA-Asn c[21856,21931] 34 (gtt)
[14:36:55] 2 tRNA-Asn [23689,23764] 34 (gtt)
[14:36:55] 3 tRNA-Asn c[32612,32687] 34 (gtt)
[14:36:55] 4 tRNA-Asn c[38331,38406] 34 (gtt)
[14:36:55] 5 tRNA-Ser [39398,39487] 35 (cga)
[14:36:55] 6 tRNA-Gly [60593,60668] 34 (gcc)
[14:36:55] 7 tRNA-Cys [60709,60782] 33 (gca)
[14:36:55] 8 tRNA-Leu [60796,60882] 35 (taa)
[14:36:55] 1 tRNA-Arg c[51845,51921] 35 (tct)
[14:36:55] 1 tRNA-Pro c[153354,153430] 35 (cgg)
[14:36:55] 1 tRNA-Gly c[137900,137975] 34 (gcc)
[14:36:55] 1 tRNA-Lys [-1,75] 34 (ttt)
[14:36:55] 1 tRNA-Pro c[27554,27630] 35 (ggg)
[14:36:55] 1 tRNA-Ser [72754,72841] 35 (gga)
[14:36:55] 2 tRNA-Ser [77813,77900] 35 (gga)
[14:36:55] 3 tRNA-Ser c[121899,121986] 35 (tga)
[14:36:55] 1 tRNA-Arg [-1,76] 35 (acg)
[14:36:55] 2 tmRNA c[68716,69078] 90,125 ANDENYALAA**
[14:36:55] 1 tRNA-Asp [126,202] 35 (gtc)
[14:36:55] 2 tRNA-Asp [9579,9655] 35 (gtc)
[14:36:55] 3 tRNA-Thr c[84248,84323] 34 (cgt)
[14:36:55] 1 tRNA-Pro c[47722,47798] 35 (tgg)
[14:36:55] 2 tRNA-Leu c[47841,47927] 35 (cag)
[14:36:55] 3 tRNA-His c[47951,48026] 34 (gtg)
[14:36:55] 4 tRNA-Arg c[48082,48158] 35 (ccg)
[14:36:55] 5 tRNA-Trp c[86190,86265] 34 (cca)
[14:36:55] 1 tRNA-SeC [35535,35629] 35 (tca)
[14:36:55] 1 tRNA-Gln c[69780,69854] 33 (ctg)
[14:36:55] 2 tRNA-Gln c[69930,70004] 33 (ctg)
[14:36:55] 3 tRNA-Met c[70052,70128] 35 (cat)
[14:36:55] 1 tRNA-Arg [54,128] 34 (cct)
[14:36:55] 2 tRNA-Ala c[58002,58077] 34 (ggc)
[14:36:55] 3 tRNA-Val [60776,60851] 34 (tac)
[14:36:55] 1 tRNA-Met c[1,77] 35 (cat)
[14:36:55] 2 tRNA-Lys [58697,58772] 34 (ttt)
[14:36:55] 1 tRNA-Leu [354,438] 35 (caa)
[14:36:55] 1 tRNA-Thr [3728,3803] 34 (tgt)
[14:36:55] 2 tRNA-Tyr [3814,3898] 35 (gta)
[14:36:55] 3 tRNA-Gly [4014,4088] 34 (tcc)
[14:36:55] 4 tRNA-Thr [4094,4167] 34 (ggt)
[14:36:55] 1 tRNA-Ile [477,553] 35 (gat)
[14:36:55] 2 tRNA-Ala [590,665] 34 (tgc)
[14:36:55] 1 tRNA-Met c[1,77] 35 (cat)
[14:36:55] 2 tRNA-Gln c[101,175] 33 (ttg)
[14:36:55] 3 tRNA-Gln c[212,286] 33 (ttg)
[14:36:55] 4 tRNA-Leu c[310,394] 35 (tag)
[14:36:55] 5 tRNA-Met c[403,479] 35 (cat)
[14:36:55] 1 tRNA-Thr c[298,373] 34 (ggt)
[14:36:55] 1 tRNA-Lys [2,77] 34 (ttt)
[14:36:55] 2 tRNA-Val [227,301] 34 (tac)
[14:36:55] 1 tRNA-Arg c[219,295] 35 (acg)
[14:36:55] 1 tRNA-Val c[1,75] 34 (tac)
[14:36:55] 2 tRNA-Lys c[201,276] 34 (ttt)
[14:36:55] 1 tRNA-Ala [178,252] 35 (tgc)
[14:36:55] 1 tRNA-Lys [153,228] 34 (ttt)
[14:36:55] 1 tRNA-Glu [116,191] 35 (ttc)
[14:36:55] 1 tRNA-Gly [-1,75] 34 (gcc)
[14:36:55] 2 tRNA-Gly [148,223] 34 (gcc)
[14:36:55] 1 tRNA-Lys c[2,77] 34 (ttt)
[14:36:55] 1 tRNA-Arg c[-4,70] 35 (acg)
[14:36:55] 2 tRNA-Arg c[132,208] 35 (acg)
[14:36:55] 1 tRNA-Val [-1,75] 34 (tac)
[14:36:55] 2 tRNA-Val [121,196] 34 (tac)
[14:36:55] 1 tRNA-Ile [97,172] 35 (gat)
[14:36:55] 1 tRNA-Thr c[4,79] 34 (ggt)
[14:36:55] 1 tRNA-Val [-1,75] 34 (tac)
[14:36:55] 2 tRNA-Lys [80,155] 34 (ttt)
[14:36:55] 1 tRNA-Val [1,76] 34 (tac)
[14:36:55] 2 tRNA-Lys [79,154] 34 (ttt)
[14:36:55] 1 tRNA-Val [-1,75] 34 (tac)
[14:36:55] 2 tRNA-Lys [79,153] 34 (ttt)
[14:36:55] 1 tRNA-Lys c[72,147] 34 (ttt)
[14:36:55] 1 tRNA-Arg [8,83] 35 (acg)
[14:36:55] 1 tRNA-Arg c[2,78] 35 (acg)
[14:36:55] 1 tRNA-Arg c[-4,70] 35 (acg)
[14:36:55] 1 tRNA-Val [3,78] 34 (tac)
[14:36:55] Found 90 tRNAs
[14:36:55] Predicting Ribosomal RNAs
[14:36:55] Running Barrnap with 4 threads
[14:37:13] 1 NODE_100_length_155_cov_42.179487 1 16S ribosomal RNA
[14:37:13] 2 NODE_104_length_154_cov_46.324675 1 16S ribosomal RNA
[14:37:13] 3 NODE_105_length_154_cov_41.506494 1 16S ribosomal RNA
[14:37:13] 4 NODE_121_length_106_cov_99.517241 1 16S ribosomal RNA
[14:37:13] 5 NODE_125_length_95_cov_109.833333 1 16S ribosomal RNA
[14:37:13] 6 NODE_137_length_78_cov_211.000000 1 16S ribosomal RNA
[14:37:13] 7 NODE_138_length_78_cov_131.000000 1 16S ribosomal RNA
[14:37:13] 8 NODE_13_length_129846_cov_29.714970 129776 5S ribosomal RNA
[14:37:13] 9 NODE_17_length_97085_cov_31.268957 95953 16S ribosomal RNA
[14:37:13] 10 NODE_18_length_91001_cov_27.398322 1 5S ribosomal RNA
[14:37:13] 11 NODE_2_length_378019_cov_26.991073 260 5S ribosomal RNA
[14:37:13] 12 NODE_40_length_1268_cov_275.109992 1 16S ribosomal RNA
[14:37:13] 13 NODE_4_length_307639_cov_29.894402 307412 5S ribosomal RNA
[14:37:13] 14 NODE_77_length_201_cov_33.467742 1 16S ribosomal RNA
[14:37:13] 15 NODE_89_length_163_cov_28.116279 94 5S ribosomal RNA
[14:37:13] 16 NODE_92_length_155_cov_216.153846 1 16S ribosomal RNA
[14:37:13] 17 NODE_94_length_155_cov_169.551282 1 16S ribosomal RNA
[14:37:13] 18 NODE_96_length_155_cov_157.641026 1 16S ribosomal RNA
[14:37:13] 19 NODE_98_length_155_cov_82.410256 1 16S ribosomal RNA
[14:37:13] Found 19 rRNAs
[14:37:13] Skipping ncRNA search, enable with --rfam if desired.
[14:37:13] Total of 108 tRNA + rRNA features
[14:37:13] Searching for CRISPR repeats
[14:37:14] Found 0 CRISPRs
[14:37:14] Predicting coding sequences
[14:37:14] Contigs total 5296923 bp, so using single mode
[14:37:14] Running: prodigal -i 10_pangenome\/annotations\/SRR7345603\/SRR7345603\.fna -c -m -g 11 -p single -f sco -q
[14:37:19] Excluding CDS which overlaps existing RNA (tRNA) at NODE_1_length_981778_cov_21.393646:772718..773203 on - strand
[14:37:22] Excluding CDS which overlaps existing RNA (tRNA) at NODE_20_length_86389_cov_30.759616:47670..47822 on + strand
[14:37:23] Found 4877 CDS
[14:37:23] Connecting features back to sequences
[14:37:23] Not using genus-specific database. Try --usegenus to enable it.
[14:37:23] Annotating CDS, please be patient.
[14:37:23] Will use 4 CPUs for similarity searching.
[14:37:24] There are still 4877 unannotated CDS left (started with 4877)
[14:37:24] Will use blast to search against /root/miniconda3/envs/prokka_env/db/kingdom/Bacteria/IS with 4 CPUs
[14:37:24] Running: cat 10_pangenome\/annotations\/SRR7345603\/SRR7345603\.IS\.tmp\.24998\.faa | parallel --gnu --plain -j 4 --block 198424 --recstart '>' --pipe blastp -query - -db /root/miniconda3/envs/prokka_env/db/kingdom/Bacteria/IS -evalue 1e-30 -qcov_hsp_perc 90 -num_threads 1 -num_descriptions 1 -num_alignments 1 -seg no > 10_pangenome\/annotations\/SRR7345603\/SRR7345603\.IS\.tmp\.24998\.blast 2> /dev/null
[14:37:51] Modify product: Tn3 family transposase Tn5403 => Tn3 family transposase
[14:37:51] Cleaned 1 /product names
[14:37:51] Deleting unwanted file: 10_pangenome/annotations/SRR7345603/SRR7345603.IS.tmp.24998.faa
[14:37:51] Deleting unwanted file: 10_pangenome/annotations/SRR7345603/SRR7345603.IS.tmp.24998.blast
[14:37:53] There are still 4850 unannotated CDS left (started with 4877)
[14:37:53] Will use blast to search against /root/miniconda3/envs/prokka_env/db/kingdom/Bacteria/AMR with 4 CPUs
[14:37:53] Running: cat 10_pangenome\/annotations\/SRR7345603\/SRR7345603\.AMR\.tmp\.24998\.faa | parallel --gnu --plain -j 4 --block 197396 --recstart '>' --pipe blastp -query - -db /root/miniconda3/envs/prokka_env/db/kingdom/Bacteria/AMR -evalue 1e-300 -qcov_hsp_perc 90 -num_threads 1 -num_descriptions 1 -num_alignments 1 -seg no > 10_pangenome\/annotations\/SRR7345603\/SRR7345603\.AMR\.tmp\.24998\.blast 2> /dev/null
[14:38:38] Deleting unwanted file: 10_pangenome/annotations/SRR7345603/SRR7345603.AMR.tmp.24998.faa
[14:38:38] Deleting unwanted file: 10_pangenome/annotations/SRR7345603/SRR7345603.AMR.tmp.24998.blast
[14:38:39] There are still 4816 unannotated CDS left (started with 4877)
[14:38:39] Will use blast to search against /root/miniconda3/envs/prokka_env/db/kingdom/Bacteria/sprot with 4 CPUs
[14:38:39] Running: cat 10_pangenome\/annotations\/SRR7345603\/SRR7345603\.sprot\.tmp\.24998\.faa | parallel --gnu --plain -j 4 --block 194111 --recstart '>' --pipe blastp -query - -db /root/miniconda3/envs/prokka_env/db/kingdom/Bacteria/sprot -evalue 1e-09 -qcov_hsp_perc 80 -num_threads 1 -num_descriptions 1 -num_alignments 1 -seg no > 10_pangenome\/annotations\/SRR7345603\/SRR7345603\.sprot\.tmp\.24998\.blast 2> /dev/null
[14:47:17] Modify product: UPF0126 inner membrane protein YadS => hypothetical protein
[14:47:17] Modify product: UPF0253 protein YaeP => hypothetical protein
[14:47:17] Modify product: Uncharacterized protein YaeQ => putative protein YaeQ
[14:47:17] Modify product: Probable UbiX-like flavin prenyltransferase => putative UbiX-like flavin prenyltransferase
[14:47:17] Modify product: Probable galactarate/D-glucarate transporter GudP => putative galactarate/D-glucarate transporter GudP
[14:47:17] Modify product: Uncharacterized protein YqcC => putative protein YqcC
[14:47:17] Modify product: Uncharacterized HTH-type transcriptional regulator YdjF => putative HTH-type transcriptional regulator YdjF
[14:47:17] Modify product: UPF0382 inner membrane protein YgdD => hypothetical protein
[14:47:17] Modify product: Uncharacterized lipoprotein YgdR => putative lipoprotein YgdR
[14:47:17] Modify product: Probable cobalt-factor III C(17)-methyltransferase => putative cobalt-factor III C(17)-methyltransferase
[14:47:17] Modify product: UPF0053 inner membrane protein YgdQ => hypothetical protein
[14:47:17] Modify product: Uncharacterized lipoprotein YgdR => putative lipoprotein YgdR
[14:47:17] Modify product: Probable fimbrial chaperone YadV => putative fimbrial chaperone YadV
[14:47:17] Modify product: Uncharacterized protein YjdJ => putative protein YjdJ
[14:47:17] Modify product: UPF0073 inner membrane protein YqfA => hypothetical protein
[14:47:17] Modify product: Uncharacterized oxidoreductase YgfF => putative oxidoreductase YgfF
[14:47:17] Modify product: UPF0149 protein HI_0817 => hypothetical protein
[14:47:17] Modify product: Probable sulfoacetate transporter SauU => putative sulfoacetate transporter SauU
[14:47:17] Modify product: Probable L-galactonate transporter => putative L-galactonate transporter
[14:47:17] Modify product: UPF0301 protein YqgE => hypothetical protein
[14:47:17] Modify product: Uncharacterized protein YggR => putative protein YggR
[14:47:17] Modify product: UPF0235 protein YggU => hypothetical protein
[14:47:17] Modify product: Uncharacterized protein HI_0341 => putative protein
[14:47:17] Modify product: Probable Fe(2+)-trafficking protein => putative Fe(2+)-trafficking protein
[14:47:17] Modify product: Uncharacterized membrane protein YdfK => putative membrane protein YdfK
[14:47:17] Modify product: HTH-type transcriptional regulator XC_2801 => HTH-type transcriptional regulator
[14:47:17] Modify product: Probable HTH-type transcriptional regulator STM3175 => putative HTH-type transcriptional regulator
[14:47:17] Modify product: Probable quinol monooxygenase YgiN => putative quinol monooxygenase YgiN
[14:47:17] Modify product: Probable glycerol-3-phosphate acyltransferase => putative glycerol-3-phosphate acyltransferase
[14:47:18] Modify product: Uncharacterized protein YqjD => putative protein YqjD
[14:47:18] Modify product: Probable galactarate/D-glucarate transporter GarP => putative galactarate/D-glucarate transporter GarP
[14:47:18] Modify product: UPF0102 protein RPA0323 => hypothetical protein
[14:47:18] Modify product: Probable nitrate reductase molybdenum cofactor assembly chaperone NarW => putative nitrate reductase molybdenum cofactor assembly chaperone NarW
[14:47:18] Modify product: Uncharacterized lipoprotein YgdR => putative lipoprotein YgdR
[14:47:18] Modify product: Uncharacterized protein YncE => putative protein YncE
[14:47:18] Modify product: UPF0381 protein YiiS => hypothetical protein
[14:47:18] Modify product: Uncharacterized protein YdcY => putative protein YdcY
[14:47:18] Modify product: 23S rRNA 5-hydroxycytidine C2501 synthase => 23S rRNA 5-hydroxycytidine synthase
[14:47:18] Modify product: Probable transporter SCO4007 => putative transporter
[14:47:18] Modify product: Uncharacterized oxidoreductase YdgJ => putative oxidoreductase YdgJ
[14:47:18] Modify product: Probable D,D-dipeptide transport ATP-binding protein DdpD => putative D,D-dipeptide transport ATP-binding protein DdpD
[14:47:18] Modify product: Probable succinyl-CoA:3-ketoacid coenzyme A transferase subunit A => putative succinyl-CoA:3-ketoacid coenzyme A transferase subunit A
[14:47:18] Modify product: Probable succinyl-CoA:3-ketoacid coenzyme A transferase subunit B => putative succinyl-CoA:3-ketoacid coenzyme A transferase subunit B
[14:47:18] Modify product: Probable murein peptide carboxypeptidase => putative murein peptide carboxypeptidase
[14:47:18] Modify product: Probable siderophore transport system permease protein YfiZ => putative siderophore transport system permease protein YfiZ
[14:47:18] Modify product: Probable siderophore transport system ATP-binding protein YusV => putative siderophore transport system ATP-binding protein YusV
[14:47:18] Modify product: Probable L,D-transpeptidase YnhG => putative L,D-transpeptidase YnhG
[14:47:18] Modify product: Probable ATP-dependent transporter SufC => putative ATP-dependent transporter SufC
[14:47:18] Modify product: Probable aminoglycoside efflux pump => putative aminoglycoside efflux pump
[14:47:18] Modify product: Probable ketoamine kinase HMPREF0351_12196 => putative ketoamine kinase
[14:47:18] Modify product: UPF0056 inner membrane protein MarC => hypothetical protein
[14:47:18] Modify product: Uncharacterized NTE family protein Rv1063c => putative NTE family protein
[14:47:18] Modify product: UPF0225 protein YchJ => hypothetical protein
[14:47:18] Modify product: Probable succinate transporter subunit YjjB => putative succinate transporter subunit YjjB
[14:47:18] Modify product: Probable succinate transporter subunit YjjP => putative succinate transporter subunit YjjP
[14:47:18] Modify product: Uncharacterized metal-dependent hydrolase YjjV => putative metal-dependent hydrolase YjjV
[14:47:18] Modify product: Probable inner membrane protein Smp => putative inner membrane protein Smp
[14:47:18] Modify product: Uncharacterized lipoprotein YgdR => putative lipoprotein YgdR
[14:47:19] Modify product: Probable galactarate/D-glucarate transporter GudP => putative galactarate/D-glucarate transporter GudP
[14:47:19] Modify product: Probable peptidoglycan glycosyltransferase FtsW => putative peptidoglycan glycosyltransferase FtsW
[14:47:19] Modify product: UPF0231 protein YacL => hypothetical protein
[14:47:19] Modify product: Uncharacterized ABC transporter ATP-binding protein YadG => putative ABC transporter ATP-binding protein YadG
[14:47:19] Modify product: Uncharacterized inner membrane transporter YhbE => putative inner membrane transporter YhbE
[14:47:19] Modify product: Uncharacterized protein YhcO => putative protein YhcO
[14:47:19] Modify product: Uncharacterized membrane protein YhdT => putative membrane protein YhdT
[14:47:19] Modify product: Uncharacterized protein YccU => putative protein YccU
[14:47:19] Modify product: Uncharacterized protein YcbX => putative protein YcbX
[14:47:19] Modify product: Probable L,D-transpeptidase YcbB => putative L,D-transpeptidase YcbB
[14:47:19] Modify product: UPF0434 protein YcaR => hypothetical protein
[14:47:19] Modify product: Uncharacterized MFS-type transporter YcaD => putative MFS-type transporter YcaD
[14:47:19] Modify product: Uncharacterized lipoprotein YbjP => putative lipoprotein YbjP
[14:47:19] Modify product: Uncharacterized protein YbjN => putative protein YbjN
[14:47:19] Modify product: Uncharacterized protein YbiI => putative protein YbiI
[14:47:19] Modify product: Probable dehydratase YbiW => putative dehydratase YbiW
[14:47:19] Modify product: Uncharacterized protein YbiU => putative protein YbiU
[14:47:19] Modify product: Probable ATP-binding protein YbiT => putative ATP-binding protein YbiT
[14:47:19] Modify product: Probable L,D-transpeptidase YbiS => putative L,D-transpeptidase YbiS
[14:47:19] Modify product: Uncharacterized protein McbA => putative protein McbA
[14:47:19] Modify product: Uncharacterized protein YbiI => putative protein YbiI
[14:47:19] Modify product: Uncharacterized protein YbiB => putative protein YbiB
[14:47:19] Modify product: Probable galactarate/D-glucarate transporter GudP => putative galactarate/D-glucarate transporter GudP
[14:47:19] Modify product: UPF0194 membrane protein YbhG => hypothetical protein
[14:47:19] Modify product: Probable multidrug ABC transporter ATP-binding protein YbhF => putative multidrug ABC transporter ATP-binding protein YbhF
[14:47:19] Modify product: Probable multidrug ABC transporter permease YbhS => putative multidrug ABC transporter permease YbhS
[14:47:19] Modify product: Probable multidrug ABC transporter permease YbhR => putative multidrug ABC transporter permease YbhR
[14:47:19] Modify product: UPF0098 protein YbhB => hypothetical protein
[14:47:19] Modify product: Uncharacterized protein YeaR => putative protein YeaR
[14:47:19] Modify product: Probable FMN/FAD exporter YeeO => putative FMN/FAD exporter YeeO
[14:47:19] Modify product: Probable acrylyl-CoA reductase AcuI => putative acrylyl-CoA reductase AcuI
[14:47:19] Modify product: Probable L,D-transpeptidase ErfK/SrfK => putative L,D-transpeptidase ErfK/SrfK
[14:47:19] Modify product: HTH-type transcriptional regulator XC_2801 => HTH-type transcriptional regulator
[14:47:19] Modify product: Uncharacterized protein YedJ => putative protein YedJ
[14:47:19] Modify product: Uncharacterized inner membrane transporter YedA => putative inner membrane transporter YedA
[14:47:19] Modify product: Probable diguanylate cyclase DgcQ => putative diguanylate cyclase DgcQ
[14:47:19] Modify product: Probable transport protein HsrA => putative transport protein HsrA
[14:47:19] Modify product: Probable transcriptional regulatory protein YebC => putative transcriptional regulatory protein YebC
[14:47:19] Modify product: Uncharacterized protein YebY => putative protein YebY
[14:47:19] Modify product: Uncharacterized protein HI_0461 => putative protein
[14:47:19] Modify product: Uncharacterized protein YebV => putative protein YebV
[14:47:19] Modify product: Probable manganese efflux pump MntP => putative manganese efflux pump MntP
[14:47:19] Modify product: UPF0266 membrane protein YobD => hypothetical protein
[14:47:19] Modify product: UPF0053 inner membrane protein YoaE => hypothetical protein
[14:47:19] Modify product: Probable cyclic di-GMP phosphodiesterase PdeD => putative cyclic di-GMP phosphodiesterase PdeD
[14:47:19] Modify product: Nudix hydrolase DR_1184 => Nudix hydrolase
[14:47:19] Modify product: Uncharacterized protein YeaR => putative protein YeaR
[14:47:20] Modify product: Uncharacterized protein Rv2411c => putative protein
[14:47:20] Modify product: Uncharacterized protein Rv2567 => putative protein
[14:47:20] Modify product: Uncharacterized protein Rv2569c => putative protein
[14:47:20] Modify product: Uncharacterized acyl-CoA thioester hydrolase HI_0827 => putative acyl-CoA thioester hydrolase
[14:47:20] Modify product: UPF0259 membrane protein YciC => hypothetical protein
[14:47:20] Modify product: PKHD-type hydroxylase Sbal_3634 => PKHD-type hydroxylase
[14:47:20] Modify product: Uncharacterized protein YciO => putative protein YciO
[14:47:20] Modify product: Uncharacterized oxidoreductase YciK => putative oxidoreductase YciK
[14:47:20] Modify product: Probable protease SohB => putative protease SohB
[14:47:20] Modify product: Uncharacterized protein YciH => putative protein YciH
[14:47:20] Modify product: UPF0509 protein YciZ => hypothetical protein
[14:47:20] Modify product: UPF0283 membrane protein YcjF => hypothetical protein
[14:47:20] Modify product: Probable 6-phospho-beta-glucosidase => putative 6-phospho-beta-glucosidase
[14:47:20] Modify product: Uncharacterized protein PA2218 => putative protein
[14:47:20] Modify product: Uncharacterized oxidoreductase YtbE => putative oxidoreductase YtbE
[14:47:20] Modify product: HTH-type transcriptional regulator XC_2801 => HTH-type transcriptional regulator
[14:47:20] Modify product: HTH-type transcriptional regulator XC_2801 => HTH-type transcriptional regulator
[14:47:20] Modify product: Probable D-methionine-binding lipoprotein MetQ => putative D-methionine-binding lipoprotein MetQ
[14:47:20] Modify product: Uncharacterized oxidoreductase YdgJ => putative oxidoreductase YdgJ
[14:47:20] Modify product: Probable phospholipid transport protein YdbH => putative phospholipid transport protein YdbH
[14:47:20] Modify product: Uncharacterized protein YdfO => putative protein YdfO
[14:47:20] Modify product: Probable transporter YedE => putative transporter YedE
[14:47:20] Modify product: Probable DNA endonuclease SmrA => putative DNA endonuclease SmrA
[14:47:20] Modify product: Uncharacterized serine protease YdgD => putative serine protease YdgD
[14:47:20] Modify product: Uncharacterized protein YnfD => putative protein YnfD
[14:47:20] Modify product: UPF0482 protein YnfB => hypothetical protein
[14:47:20] Modify product: UPF0060 membrane protein YnfA => hypothetical protein
[14:47:20] Modify product: Probable L-galactonate transporter => putative L-galactonate transporter
[14:47:20] Modify product: Probable amino-acid metabolite efflux pump => putative amino-acid metabolite efflux pump
[14:47:20] Modify product: UPF0056 inner membrane protein MarC => hypothetical protein
[14:47:20] Modify product: Uncharacterized isomerase YddE => putative isomerase YddE
[14:47:20] Modify product: Probable galactarate/D-glucarate transporter GudP => putative galactarate/D-glucarate transporter GudP
[14:47:20] Modify product: Uncharacterized MFS-type transporter YhhS => putative MFS-type transporter YhhS
[14:47:20] Modify product: Uncharacterized protein YycE => putative protein YycE
[14:47:20] Modify product: Probable fimbrial chaperone YraI => putative fimbrial chaperone YraI
[14:47:20] Modify product: Uncharacterized signaling protein CC_0091 => putative signaling protein
[14:47:20] Modify product: Uncharacterized oxidoreductase YkwC => putative oxidoreductase YkwC
[14:47:20] Modify product: HTH-type transcriptional regulator XC_2801 => HTH-type transcriptional regulator
[14:47:21] Modify product: Putative thiamine biosynthesis protein HI_0357 => Putative thiamine biosynthesis protein
[14:47:21] Modify product: Probable HTH-type transcriptional regulator LrhA => putative HTH-type transcriptional regulator LrhA
[14:47:21] Modify product: HTH-type transcriptional regulator XC_2801 => HTH-type transcriptional regulator
[14:47:21] Modify product: UPF0702 transmembrane protein YetF => hypothetical protein
[14:47:21] Modify product: Uncharacterized oxidoreductase YghA => putative oxidoreductase YghA
[14:47:21] Modify product: HTH-type transcriptional regulator XC_2801 => HTH-type transcriptional regulator
[14:47:21] Modify product: Probable ATP-binding protein YheS => putative ATP-binding protein YheS
[14:47:21] Modify product: Probable D,D-dipeptide transport system permease protein DdpC => putative D,D-dipeptide transport system permease protein DdpC
[14:47:21] Modify product: Putative virulence-regulating protein PA2146 => Putative virulence-regulating protein
[14:47:21] Modify product: Uncharacterized membrane protein YoaK => putative membrane protein YoaK
[14:47:21] Modify product: HTH-type transcriptional regulator XC_2801 => HTH-type transcriptional regulator
[14:47:21] Modify product: UPF0229 protein YeaH => hypothetical protein
[14:47:21] Modify product: UPF0126 inner membrane protein YicG => hypothetical protein
[14:47:21] Modify product: UPF0311 protein CA_C3321 => hypothetical protein
[14:47:21] Modify product: Zinc-type alcohol dehydrogenase-like protein SA1988 => Zinc-type alcohol dehydrogenase-like protein
[14:47:21] Modify product: Acetyltransferase Atu2258 => Acetyltransferase
[14:47:21] Modify product: Uncharacterized inner membrane transporter YicL => putative inner membrane transporter YicL
[14:47:21] Modify product: HTH-type transcriptional regulator Cphy_2742 => HTH-type transcriptional regulator
[14:47:21] Modify product: Uncharacterized sugar kinase YdjH => putative sugar kinase YdjH
[14:47:21] Modify product: Uncharacterized protein YbdM => putative protein YbdM
[14:47:21] Modify product: Uncharacterized HTH-type transcriptional regulator YbdO => putative HTH-type transcriptional regulator YbdO
[14:47:21] Modify product: Uncharacterized HTH-type transcriptional regulator YbdO => putative HTH-type transcriptional regulator YbdO
[14:47:21] Modify product: UPF0250 protein YbeD => hypothetical protein
[14:47:21] Modify product: Uncharacterized protein YhfG => putative protein YhfG
[14:47:21] Modify product: Probable protein adenylyltransferase Fic => putative protein adenylyltransferase Fic
[14:47:21] Modify product: UPF0270 protein PA3463 => hypothetical protein
[14:47:21] Modify product: Probable ATP-binding protein YheS => putative ATP-binding protein YheS
[14:47:21] Modify product: Protein SlyX homolog => Protein SlyX 
[14:47:21] Modify product: Uncharacterized transporter YycB => putative transporter YycB
[14:47:21] Modify product: Probable cyclic di-GMP phosphodiesterase PdeA => putative cyclic di-GMP phosphodiesterase PdeA
[14:47:21] Modify product: Uncharacterized lipoprotein ChiQ => putative lipoprotein ChiQ
[14:47:21] Modify product: Uncharacterized protein YbfE => putative protein YbfE
[14:47:21] Modify product: GTP cyclohydrolase 1 type 2 homolog => GTP cyclohydrolase 1 type 2 
[14:47:21] Modify product: Probable two-component-system connector protein AriR => putative two-component-system connector protein AriR
[14:47:21] Modify product: Probable two-component-system connector protein YcgZ => putative two-component-system connector protein YcgZ
[14:47:21] Modify product: Probable cation-transporting ATPase F => putative cation-transporting ATPase F
[14:47:21] Modify product: Uncharacterized HTH-type transcriptional regulator HI_1476 => putative HTH-type transcriptional regulator
[14:47:21] Modify product: Uncharacterized protein HI_0431 => putative protein
[14:47:21] Modify product: Uncharacterized glycosyltransferase YkoT => putative glycosyltransferase YkoT
[14:47:22] Modify product: Probable fimbrial chaperone YadV => putative fimbrial chaperone YadV
[14:47:22] Modify product: Bifunctional protein FolD => Bifunctional protein FolD protein
[14:47:22] Modify product: Uncharacterized ABC transporter ATP-binding protein Rv0986 => putative ABC transporter ATP-binding protein
[14:47:22] Modify product: Probable iron export permease protein FetB => putative iron export permease protein FetB
[14:47:22] Modify product: Probable iron export ATP-binding protein FetA => putative iron export ATP-binding protein FetA
[14:47:22] Modify product: Probable cyclic di-GMP phosphodiesterase PdeB => putative cyclic di-GMP phosphodiesterase PdeB
[14:47:22] Modify product: Uncharacterized lipoprotein YbaY => putative lipoprotein YbaY
[14:47:22] Modify product: Uncharacterized protein HI_1008 => putative protein
[14:47:22] Modify product: Uncharacterized lipoprotein YajI => putative lipoprotein YajI
[14:47:22] Modify product: Uncharacterized protein YaiA => putative protein YaiA
[14:47:22] Modify product: UPF0178 protein YaiI => hypothetical protein
[14:47:22] Modify product: Probable glutamine ABC transporter permease protein GlnP => putative glutamine ABC transporter permease protein GlnP
[14:47:22] Modify product: Probable fimbrial chaperone EcpE => putative fimbrial chaperone EcpE
[14:47:22] Modify product: Probable outer membrane usher protein EcpC => putative outer membrane usher protein EcpC
[14:47:22] Modify product: Probable fimbrial chaperone EcpB => putative fimbrial chaperone EcpB
[14:47:22] Modify product: Probable [Fe-S]-dependent transcriptional repressor => putative [Fe-S]-dependent transcriptional repressor
[14:47:22] Modify product: Uncharacterized oxidoreductase YhhX => putative oxidoreductase YhhX
[14:47:22] Modify product: Uncharacterized protein YhhA => putative protein YhhA
[14:47:22] Modify product: Uncharacterized MFS-type transporter YhhS => putative MFS-type transporter YhhS
[14:47:22] Modify product: Probable 4-amino-4-deoxy-L-arabinose-phosphoundecaprenol flippase subunit ArnF => putative 4-amino-4-deoxy-L-arabinose-phosphoundecaprenol flippase subunit ArnF
[14:47:22] Modify product: Probable 4-amino-4-deoxy-L-arabinose-phosphoundecaprenol flippase subunit ArnE => putative 4-amino-4-deoxy-L-arabinose-phosphoundecaprenol flippase subunit ArnE
[14:47:22] Modify product: Probable 4-deoxy-4-formamido-L-arabinose-phosphoundecaprenol deformylase ArnD => putative 4-deoxy-4-formamido-L-arabinose-phosphoundecaprenol deformylase ArnD
[14:47:22] Modify product: Probable cyclic di-GMP phosphodiesterase PdeK => putative cyclic di-GMP phosphodiesterase PdeK
[14:47:22] Modify product: Uncharacterized MFS-type transporter YhjX => putative MFS-type transporter YhjX
[14:47:22] Modify product: Probable lipoprotein YiaD => putative lipoprotein YiaD
[14:47:22] Modify product: Uncharacterized GST-like protein YibF => putative GST-like protein YibF
[14:47:22] Modify product: Uncharacterized protein YibL => putative protein YibL
[14:47:22] Modify product: Uncharacterized protein YibN => putative protein YibN
[14:47:22] Modify product: UPF0758 protein YsxA => hypothetical protein
[14:47:22] Modify product: Probable multidrug ABC transporter permease YbhR => putative multidrug ABC transporter permease YbhR
[14:47:22] Modify product: Probable multidrug ABC transporter ATP-binding protein YbhF => putative multidrug ABC transporter ATP-binding protein YbhF
[14:47:22] Modify product: UPF0194 membrane protein YbhG => hypothetical protein
[14:47:22] Modify product: Uncharacterized HTH-type transcriptional regulator YurK => putative HTH-type transcriptional regulator YurK
[14:47:22] Modify product: Probable 6-phospho-beta-glucosidase => putative 6-phospho-beta-glucosidase
[14:47:22] Modify product: Probable licABCH operon regulator => putative licABCH operon regulator
[14:47:22] Modify product: Deacetylase EF_0837 => Deacetylase
[14:47:22] Modify product: Uncharacterized protein YtfJ => putative protein YtfJ
[14:47:22] Modify product: Probable L-ascorbate-6-phosphate lactonase UlaG => putative L-ascorbate-6-phosphate lactonase UlaG
[14:47:22] Modify product: Probable outer membrane usher protein ElfC => putative outer membrane usher protein ElfC
[14:47:23] Modify product: UPF0716 protein FxsA => hypothetical protein
[14:47:23] Modify product: Uncharacterized oxidoreductase YghA => putative oxidoreductase YghA
[14:47:23] Modify product: Pentapeptide repeat protein VPA0095 => Pentapeptide repeat protein
[14:47:23] Modify product: Probable D,D-dipeptide-binding periplasmic protein DdpA => putative D,D-dipeptide-binding periplasmic protein DdpA
[14:47:23] Modify product: Probable D,D-dipeptide transport system permease protein DdpC => putative D,D-dipeptide transport system permease protein DdpC
[14:47:23] Modify product: Probable cation-transporting ATPase F => putative cation-transporting ATPase F
[14:47:23] Modify product: Uncharacterized protein Rv0906 => putative protein
[14:47:23] Modify product: Uncharacterized protein YncE => putative protein YncE
[14:47:23] Modify product: Probable transport protein HsrA => putative transport protein HsrA
[14:47:23] Modify product: Probable cystine transporter YijE => putative cystine transporter YijE
[14:47:23] Modify product: Probable fructose-bisphosphate aldolase => putative fructose-bisphosphate aldolase
[14:47:23] Modify product: Probable acyltransferase FabY => putative acyltransferase FabY
[14:47:23] Modify product: UPF0761 membrane protein YihY => hypothetical protein
[14:47:23] Modify product: Probable GTP-binding protein EngB => putative GTP-binding protein EngB
[14:47:23] Modify product: Uncharacterized protein YgaM => putative protein YgaM
[14:47:23] Modify product: Probable fimbrial chaperone YraI => putative fimbrial chaperone YraI
[14:47:23] Modify product: Probable fimbrial chaperone YadV => putative fimbrial chaperone YadV
[14:47:23] Modify product: HTH-type transcriptional regulator XC_2801 => HTH-type transcriptional regulator
[14:47:23] Modify product: UPF0125 protein RatB => hypothetical protein
[14:47:23] Modify product: UPF0053 inner membrane protein YfjD => hypothetical protein
[14:47:23] Modify product: Uncharacterized methyltransferase YcgJ => putative methyltransferase YcgJ
[14:47:23] Modify product: Uncharacterized protein Rv2277c => putative protein
[14:47:23] Modify product: Uncharacterized N-acetyltransferase YafP => putative N-acetyltransferase YafP
[14:47:23] Modify product: Uncharacterized protein YjhP => putative protein YjhP
[14:47:23] Modify product: Probable fimbrial chaperone YfcS => putative fimbrial chaperone YfcS
[14:47:23] Modify product: Uncharacterized fimbrial-like protein YfcR => putative fimbrial-like protein YfcR
[14:47:23] Modify product: Uncharacterized HTH-type transcriptional regulator RhmR => putative HTH-type transcriptional regulator RhmR
[14:47:23] Modify product: Probable HTH-type transcriptional regulator LrhA => putative HTH-type transcriptional regulator LrhA
[14:47:23] Modify product: UPF0304 protein YfbU => hypothetical protein
[14:47:23] Modify product: UPF0208 membrane protein YfbV => hypothetical protein
[14:47:23] Modify product: Uncharacterized Nudix hydrolase YfcD => putative Nudix hydrolase YfcD
[14:47:23] Modify product: Epimerase family protein SA0724 => Epimerase family protein
[14:47:23] Modify product: Uncharacterized MFS-type transporter YfcJ => putative MFS-type transporter YfcJ
[14:47:23] Modify product: Probable membrane transporter protein YfcA => putative membrane transporter protein YfcA
[14:47:23] Modify product: UPF0381 protein YiiS => hypothetical protein
[14:47:23] Modify product: Probable protein kinase UbiB => putative protein kinase UbiB
[14:47:23] Modify product: Probable ECA polymerase => putative ECA polymerase
[14:47:24] Modify product: Uncharacterized membrane protein YdfK => putative membrane protein YdfK
[14:47:24] Modify product: Uncharacterized protein YybH => putative protein YybH
[14:47:24] Modify product: Uncharacterized protein YfeY => putative protein YfeY
[14:47:24] Modify product: Probable ethanolamine permease EutH => putative ethanolamine permease EutH
[14:47:24] Modify product: Probable alcohol dehydrogenase EutG => putative alcohol dehydrogenase EutG
[14:47:24] Modify product: Probable acetate kinase EutP => putative acetate kinase EutP
[14:47:24] Modify product: Uncharacterized protein YfgD => putative protein YfgD
[14:47:24] Modify product: Uncharacterized protein YfgJ => putative protein YfgJ
[14:47:24] Modify product: Probable 3-phenylpropionic acid transporter => putative 3-phenylpropionic acid transporter
[14:47:24] Modify product: Uncharacterized protein YphB => putative protein YphB
[14:47:24] Modify product: Uncharacterized tRNA/rRNA methyltransferase YfiF => putative tRNA/rRNA methyltransferase YfiF
[14:47:24] Modify product: Putative transport protein Rv1101c => Putative transport protein
[14:47:24] Modify product: UPF0352 protein YejL => hypothetical protein
[14:47:24] Modify product: Uncharacterized protein YejG => putative protein YejG
[14:47:24] Modify product: Uncharacterized ABC transporter ATP-binding protein YejF => putative ABC transporter ATP-binding protein YejF
[14:47:24] Modify product: Uncharacterized protein YejA => putative protein YejA
[14:47:24] Modify product: Probable cyclic di-GMP phosphodiesterase PdeN => putative cyclic di-GMP phosphodiesterase PdeN
[14:47:24] Modify product: UPF0324 inner membrane protein YeiH => hypothetical protein
[14:47:24] Modify product: Uncharacterized HTH-type transcriptional regulator YeiE => putative HTH-type transcriptional regulator YeiE
[14:47:24] Modify product: UPF0299 membrane protein YohJ => hypothetical protein
[14:47:24] Modify product: UPF0387 membrane protein YohO => hypothetical protein
[14:47:24] Modify product: Uncharacterized N-acetyltransferase YafP => putative N-acetyltransferase YafP
[14:47:24] Modify product: Probable D,D-dipeptide-binding periplasmic protein DdpA => putative D,D-dipeptide-binding periplasmic protein DdpA
[14:47:24] Modify product: Probable D,D-dipeptide transport system permease protein DdpC => putative D,D-dipeptide transport system permease protein DdpC
[14:47:24] Modify product: Probable lipid kinase YegS => putative lipid kinase YegS
[14:47:24] Modify product: UPF0053 inner membrane protein YoaE => hypothetical protein
[14:47:24] Modify product: Probable L,D-transpeptidase YcfS => putative L,D-transpeptidase YcfS
[14:47:24] Modify product: UPF0227 protein YcfP => hypothetical protein
[14:47:24] Modify product: Uncharacterized metal-dependent hydrolase YcfH => putative metal-dependent hydrolase YcfH
[14:47:24] Modify product: Probable lipid II flippase MurJ => putative lipid II flippase MurJ
[14:47:24] Modify product: UPF0502 protein YceH => hypothetical protein
[14:47:24] Modify product: Uncharacterized lipoprotein YceB => putative lipoprotein YceB
[14:47:24] Modify product: Probable phosphatase YcdX => putative phosphatase YcdX
[14:47:24] Modify product: HTH-type transcriptional regulator XC_2801 => HTH-type transcriptional regulator
[14:47:24] Modify product: Probable hydrolase YcaC => putative hydrolase YcaC
[14:47:24] Modify product: Probable malonic semialdehyde reductase RutE => putative malonic semialdehyde reductase RutE
[14:47:24] Modify product: Uncharacterized protein YccJ => putative protein YccJ
[14:47:24] Modify product: Probable cyclic di-GMP phosphodiesterase PdeG => putative cyclic di-GMP phosphodiesterase PdeG
[14:47:24] Modify product: UPF0098 protein YbcL => hypothetical protein
[14:47:24] Modify product: Probable transcriptional regulator PhnF => putative transcriptional regulator PhnF
[14:47:24] Modify product: Probable fimbrial chaperone LpfB => putative fimbrial chaperone LpfB
[14:47:24] Modify product: Uncharacterized fimbrial-like protein YcbV => putative fimbrial-like protein YcbV
[14:47:24] Modify product: Probable cyclic di-GMP phosphodiesterase PdeC => putative cyclic di-GMP phosphodiesterase PdeC
[14:47:24] Modify product: Uncharacterized protein YjbR => putative protein YjbR
[14:47:24] Modify product: UPF0337 protein YjbJ => hypothetical protein
[14:47:24] Modify product: UPF0597 protein YhaM => hypothetical protein
[14:47:24] Modify product: Shikimate dehydrogenase-like protein HI_0607 => Shikimate dehydrogenase-like protein
[14:47:24] Cleaned 305 /product names
[14:47:24] Deleting unwanted file: 10_pangenome/annotations/SRR7345603/SRR7345603.sprot.tmp.24998.faa
[14:47:24] Deleting unwanted file: 10_pangenome/annotations/SRR7345603/SRR7345603.sprot.tmp.24998.blast
[14:47:25] There are still 1098 unannotated CDS left (started with 4877)
[14:47:25] Will use hmmer3 to search against /root/miniconda3/envs/prokka_env/db/hmm/HAMAP.hmm with 4 CPUs
[14:47:25] Running: cat 10_pangenome\/annotations\/SRR7345603\/SRR7345603\.HAMAP\.hmm\.tmp\.24998\.faa | parallel --gnu --plain -j 4 --block 34937 --recstart '>' --pipe hmmscan --noali --notextw --acc -E 1e-09 --cpu 1 /root/miniconda3/envs/prokka_env/db/hmm/HAMAP.hmm /dev/stdin > 10_pangenome\/annotations\/SRR7345603\/SRR7345603\.HAMAP\.hmm\.tmp\.24998\.hmmer3 2> /dev/null
[14:47:40] Modify product: Uncharacterized MFS-type transporter YcaD => putative MFS-type transporter YcaD
[14:47:40] Modify product: Uncharacterized MFS-type transporter YfcJ => putative MFS-type transporter YfcJ
[14:47:40] Cleaned 2 /product names
[14:47:40] Deleting unwanted file: 10_pangenome/annotations/SRR7345603/SRR7345603.HAMAP.hmm.tmp.24998.faa
[14:47:40] Deleting unwanted file: 10_pangenome/annotations/SRR7345603/SRR7345603.HAMAP.hmm.tmp.24998.hmmer3
[14:47:41] Labelling remaining 978 proteins as 'hypothetical protein'
[14:47:41] Possible /pseudo 'High-affinity branched-chain amino acid transport ATP-binding protein LivF' at NODE_1_length_981778_cov_21.393646 position 368234
[14:47:41] Possible /pseudo 'Formate dehydrogenase, nitrate-inducible, major subunit' at NODE_1_length_981778_cov_21.393646 position 631699
[14:47:41] Possible /pseudo 'Homoprotocatechuate catabolism bifunctional isomerase/decarboxylase' at NODE_2_length_378019_cov_26.991073 position 53645
[14:47:41] Possible /pseudo '[Ribosomal protein bS18]-alanine N-acetyltransferase' at NODE_2_length_378019_cov_26.991073 position 73054
[14:47:41] Possible /pseudo 'Manganese transport system membrane protein MntB' at NODE_3_length_365927_cov_27.108878 position 55819
[14:47:41] Possible /pseudo 'ISKra4 family transposase ISCep1' at NODE_3_length_365927_cov_27.108878 position 298393
[14:47:41] Possible /pseudo 'putative protein' at NODE_6_length_267611_cov_23.380681 position 172837
[14:47:41] Possible /pseudo 'putative protein' at NODE_6_length_267611_cov_23.380681 position 173763
[14:47:41] Possible /pseudo 'Formate dehydrogenase H' at NODE_13_length_129846_cov_29.714970 position 28010
[14:47:41] Possible /pseudo 'Formate dehydrogenase-O major subunit' at NODE_16_length_99374_cov_31.982799 position 71907
[14:47:41] Possible /pseudo 'Peptidyl-prolyl cis-trans isomerase C' at NODE_20_length_86389_cov_30.759616 position 73359
[14:47:41] Possible /pseudo 'IS3 family transposase ISKpn1' at NODE_39_length_1445_cov_199.834795 position 875
[14:47:41] Found 3120 unique /gene codes.
[14:47:41] Fixed 2 duplicate /gene - mdtH_1 mdtH_2
[14:47:41] Fixed 2 duplicate /gene - fdnG_1 fdnG_2
[14:47:41] Fixed 2 duplicate /gene - pduD_1 pduD_2
[14:47:41] Fixed 4 duplicate /gene - gudP_1 gudP_2 gudP_3 gudP_4
[14:47:41] Fixed 2 duplicate /gene - lpxL_1 lpxL_2
[14:47:41] Fixed 5 duplicate /gene - crgA_1 crgA_2 crgA_3 crgA_4 crgA_5
[14:47:41] Fixed 2 duplicate /gene - ahpC_1 ahpC_2
[14:47:41] Fixed 2 duplicate /gene - ettA_1 ettA_2
[14:47:41] Fixed 2 duplicate /gene - bamA_1 bamA_2
[14:47:41] Fixed 3 duplicate /gene - yhaJ_1 yhaJ_2 yhaJ_3
[14:47:41] Fixed 2 duplicate /gene - glgC_1 glgC_2
[14:47:41] Fixed 2 duplicate /gene - sbnD_1 sbnD_2
[14:47:41] Fixed 4 duplicate /gene - fimD_1 fimD_2 fimD_3 fimD_4
[14:47:41] Fixed 2 duplicate /gene - oppA_1 oppA_2
[14:47:41] Fixed 5 duplicate /gene - srlR_1 srlR_2 srlR_3 srlR_4 srlR_5
[14:47:41] Fixed 2 duplicate /gene - can_1 can_2
[14:47:41] Fixed 3 duplicate /gene - yibH_1 yibH_2 yibH_3
[14:47:41] Fixed 2 duplicate /gene - ybiI_1 ybiI_2
[14:47:41] Fixed 3 duplicate /gene - lldR_1 lldR_2 lldR_3
[14:47:41] Fixed 2 duplicate /gene - chcC2_1 chcC2_2
[14:47:41] Fixed 2 duplicate /gene - kgtP_1 kgtP_2
[14:47:41] Fixed 2 duplicate /gene - ompR_1 ompR_2
[14:47:41] Fixed 2 duplicate /gene - licH_1 licH_2
[14:47:41] Fixed 2 duplicate /gene - hisQ_1 hisQ_2
[14:47:41] Fixed 2 duplicate /gene - aroE_1 aroE_2
[14:47:41] Fixed 2 duplicate /gene - smoE_1 smoE_2
[14:47:41] Fixed 4 duplicate /gene - uup_1 uup_2 uup_3 uup_4
[14:47:41] Fixed 2 duplicate /gene - ompN_1 ompN_2
[14:47:41] Fixed 2 duplicate /gene - ddpA_1 ddpA_2
[14:47:41] Fixed 2 duplicate /gene - btuD_1 btuD_2
[14:47:41] Fixed 2 duplicate /gene - pcpR_1 pcpR_2
[14:47:41] Fixed 2 duplicate /gene - amiC_1 amiC_2
[14:47:41] Fixed 2 duplicate /gene - proS_1 proS_2
[14:47:41] Fixed 2 duplicate /gene - ribX_1 ribX_2
[14:47:41] Fixed 2 duplicate /gene - glpE_1 glpE_2
[14:47:41] Fixed 4 duplicate /gene - iolE_1 iolE_2 iolE_3 iolE_4
[14:47:41] Fixed 2 duplicate /gene - dctA_1 dctA_2
[14:47:41] Fixed 2 duplicate /gene - mak_1 mak_2
[14:47:41] Fixed 2 duplicate /gene - fruB_1 fruB_2
[14:47:41] Fixed 2 duplicate /gene - sasA_1 sasA_2
[14:47:41] Fixed 2 duplicate /gene - fucP_1 fucP_2
[14:47:41] Fixed 2 duplicate /gene - hisJ_1 hisJ_2
[14:47:41] Fixed 3 duplicate /gene - ddpC_1 ddpC_2 ddpC_3
[14:47:41] Fixed 3 duplicate /gene - manZ_1 manZ_2 manZ_3
[14:47:41] Fixed 2 duplicate /gene - lsrF_1 lsrF_2
[14:47:41] Fixed 3 duplicate /gene - pcaR_1 pcaR_2 pcaR_3
[14:47:41] Fixed 2 duplicate /gene - ibpB_1 ibpB_2
[14:47:41] Fixed 3 duplicate /gene - fdhF_1 fdhF_2 fdhF_3
[14:47:41] Fixed 3 duplicate /gene - vldW_1 vldW_2 vldW_3
[14:47:41] Fixed 4 duplicate /gene - sorC_1 sorC_2 sorC_3 sorC_4
[14:47:41] Fixed 2 duplicate /gene - yfcJ_1 yfcJ_2
[14:47:41] Fixed 2 duplicate /gene - kefF_1 kefF_2
[14:47:41] Fixed 4 duplicate /gene - hexR_1 hexR_2 hexR_3 hexR_4
[14:47:41] Fixed 2 duplicate /gene - atoB_1 atoB_2
[14:47:41] Fixed 2 duplicate /gene - lgoT_1 lgoT_2
[14:47:41] Fixed 2 duplicate /gene - dgoT_1 dgoT_2
[14:47:41] Fixed 3 duplicate /gene - livH_1 livH_2 livH_3
[14:47:41] Fixed 3 duplicate /gene - lrp_1 lrp_2 lrp_3
[14:47:41] Fixed 2 duplicate /gene - dadA_1 dadA_2
[14:47:41] Fixed 2 duplicate /gene - mrkD_1 mrkD_2
[14:47:41] Fixed 2 duplicate /gene - tssC1_1 tssC1_2
[14:47:41] Fixed 2 duplicate /gene - aroP_1 aroP_2
[14:47:41] Fixed 3 duplicate /gene - intA_1 intA_2 intA_3
[14:47:41] Fixed 2 duplicate /gene - azoR_1 azoR_2
[14:47:41] Fixed 2 duplicate /gene - ilvB_1 ilvB_2
[14:47:41] Fixed 2 duplicate /gene - eutC_1 eutC_2
[14:47:41] Fixed 3 duplicate /gene - metN_1 metN_2 metN_3
[14:47:41] Fixed 2 duplicate /gene - citA_1 citA_2
[14:47:41] Fixed 2 duplicate /gene - fhuC_1 fhuC_2
[14:47:41] Fixed 4 duplicate /gene - glpR_1 glpR_2 glpR_3 glpR_4
[14:47:41] Fixed 2 duplicate /gene - yeaR_1 yeaR_2
[14:47:41] Fixed 2 duplicate /gene - ybhF_1 ybhF_2
[14:47:41] Fixed 2 duplicate /gene - mdtJ_1 mdtJ_2
[14:47:41] Fixed 3 duplicate /gene - potA_1 potA_2 potA_3
[14:47:41] Fixed 2 duplicate /gene - apbE_1 apbE_2
[14:47:41] Fixed 2 duplicate /gene - xerD_1 xerD_2
[14:47:41] Fixed 3 duplicate /gene - glcR_1 glcR_2 glcR_3
[14:47:41] Fixed 2 duplicate /gene - araB_1 araB_2
[14:47:41] Fixed 6 duplicate /gene - livF_1 livF_2 livF_3 livF_4 livF_5 livF_6
[14:47:41] Fixed 4 duplicate /gene - dmlR_1 dmlR_2 dmlR_3 dmlR_4
[14:47:41] Fixed 2 duplicate /gene - fhuA_1 fhuA_2
[14:47:41] Fixed 2 duplicate /gene - srlB_1 srlB_2
[14:47:41] Fixed 4 duplicate /gene - xylB_1 xylB_2 xylB_3 xylB_4
[14:47:41] Fixed 3 duplicate /gene - lptB_1 lptB_2 lptB_3
[14:47:41] Fixed 4 duplicate /gene - celA_1 celA_2 celA_3 celA_4
[14:47:41] Fixed 2 duplicate /gene - aaeA_1 aaeA_2
[14:47:41] Fixed 2 duplicate /gene - cycA_1 cycA_2
[14:47:41] Fixed 4 duplicate /gene - gstB_1 gstB_2 gstB_3 gstB_4
[14:47:41] Fixed 2 duplicate /gene - jefA_1 jefA_2
[14:47:41] Fixed 2 duplicate /gene - dppD_1 dppD_2
[14:47:41] Fixed 2 duplicate /gene - cobD_1 cobD_2
[14:47:41] Fixed 2 duplicate /gene - yiaW_1 yiaW_2
[14:47:41] Fixed 2 duplicate /gene - yafP_1 yafP_2
[14:47:41] Fixed 5 duplicate /gene - oxyR_1 oxyR_2 oxyR_3 oxyR_4 oxyR_5
[14:47:41] Fixed 2 duplicate /gene - gsiD_1 gsiD_2
[14:47:41] Fixed 8 duplicate /gene - rbsC_1 rbsC_2 rbsC_3 rbsC_4 rbsC_5 rbsC_6 rbsC_7 rbsC_8
[14:47:41] Fixed 2 duplicate /gene - fdoG_1 fdoG_2
[14:47:41] Fixed 4 duplicate /gene - ygdR_1 ygdR_2 ygdR_3 ygdR_4
[14:47:41] Fixed 2 duplicate /gene - cysG_1 cysG_2
[14:47:41] Fixed 2 duplicate /gene - hdeB_1 hdeB_2
[14:47:41] Fixed 3 duplicate /gene - aegA_1 aegA_2 aegA_3
[14:47:41] Fixed 2 duplicate /gene - ugpA_1 ugpA_2
[14:47:41] Fixed 2 duplicate /gene - astA_1 astA_2
[14:47:41] Fixed 4 duplicate /gene - pal_1 pal_2 pal_3 pal_4
[14:47:41] Fixed 2 duplicate /gene - malT_1 malT_2
[14:47:41] Fixed 3 duplicate /gene - pncC_1 pncC_2 pncC_3
[14:47:41] Fixed 2 duplicate /gene - yhhT_1 yhhT_2
[14:47:41] Fixed 2 duplicate /gene - yjiE_1 yjiE_2
[14:47:41] Fixed 3 duplicate /gene - hcpA_1 hcpA_2 hcpA_3
[14:47:41] Fixed 2 duplicate /gene - map_1 map_2
[14:47:41] Fixed 3 duplicate /gene - scrY_1 scrY_2 scrY_3
[14:47:41] Fixed 2 duplicate /gene - lon_1 lon_2
[14:47:41] Fixed 2 duplicate /gene - gatC_1 gatC_2
[14:47:41] Fixed 3 duplicate /gene - hmuU_1 hmuU_2 hmuU_3
[14:47:41] Fixed 2 duplicate /gene - rluA_1 rluA_2
[14:47:41] Fixed 3 duplicate /gene - cydB_1 cydB_2 cydB_3
[14:47:41] Fixed 2 duplicate /gene - umuC_1 umuC_2
[14:47:41] Fixed 3 duplicate /gene - rhtC_1 rhtC_2 rhtC_3
[14:47:41] Fixed 2 duplicate /gene - dnaK_1 dnaK_2
[14:47:41] Fixed 3 duplicate /gene - ascG_1 ascG_2 ascG_3
[14:47:41] Fixed 2 duplicate /gene - hisC_1 hisC_2
[14:47:41] Fixed 4 duplicate /gene - rcsC_1 rcsC_2 rcsC_3 rcsC_4
[14:47:41] Fixed 3 duplicate /gene - phoP_1 phoP_2 phoP_3
[14:47:41] Fixed 2 duplicate /gene - bdcA_1 bdcA_2
[14:47:41] Fixed 2 duplicate /gene - dgoA_1 dgoA_2
[14:47:41] Fixed 2 duplicate /gene - feaB_1 feaB_2
[14:47:41] Fixed 3 duplicate /gene - pcaK_1 pcaK_2 pcaK_3
[14:47:41] Fixed 3 duplicate /gene - yicJ_1 yicJ_2 yicJ_3
[14:47:41] Fixed 2 duplicate /gene - dinI_1 dinI_2
[14:47:41] Fixed 2 duplicate /gene - kefC_1 kefC_2
[14:47:41] Fixed 5 duplicate /gene - chbA_1 chbA_2 chbA_3 chbA_4 chbA_5
[14:47:41] Fixed 5 duplicate /gene - mntB_1 mntB_2 mntB_3 mntB_4 mntB_5
[14:47:41] Fixed 2 duplicate /gene - rafB_1 rafB_2
[14:47:41] Fixed 2 duplicate /gene - ugpC_1 ugpC_2
[14:47:41] Fixed 2 duplicate /gene - astC_1 astC_2
[14:47:41] Fixed 2 duplicate /gene - bhsA_1 bhsA_2
[14:47:41] Fixed 2 duplicate /gene - xanP_1 xanP_2
[14:47:41] Fixed 2 duplicate /gene - bluF_1 bluF_2
[14:47:41] Fixed 4 duplicate /gene - rbsA_1 rbsA_2 rbsA_3 rbsA_4
[14:47:41] Fixed 2 duplicate /gene - ygiW_1 ygiW_2
[14:47:41] Fixed 2 duplicate /gene - yqhC_1 yqhC_2
[14:47:41] Fixed 3 duplicate /gene - glmS_1 glmS_2 glmS_3
[14:47:41] Fixed 2 duplicate /gene - mltF_1 mltF_2
[14:47:41] Fixed 4 duplicate /gene - tssF1_1 tssF1_2 tssF1_3 tssF1_4
[14:47:41] Fixed 2 duplicate /gene - glnP_1 glnP_2
[14:47:41] Fixed 2 duplicate /gene - pduL_1 pduL_2
[14:47:41] Fixed 3 duplicate /gene - uspG_1 uspG_2 uspG_3
[14:47:41] Fixed 9 duplicate /gene - rhaS_1 rhaS_2 rhaS_3 rhaS_4 rhaS_5 rhaS_6 rhaS_7 rhaS_8 rhaS_9
[14:47:41] Fixed 2 duplicate /gene - oadB_1 oadB_2
[14:47:41] Fixed 2 duplicate /gene - asd_1 asd_2
[14:47:41] Fixed 2 duplicate /gene - yncE_1 yncE_2
[14:47:41] Fixed 2 duplicate /gene - pdeH_1 pdeH_2
[14:47:41] Fixed 2 duplicate /gene - pduE_1 pduE_2
[14:47:41] Fixed 2 duplicate /gene - glgS_1 glgS_2
[14:47:41] Fixed 2 duplicate /gene - dbpA_1 dbpA_2
[14:47:41] Fixed 2 duplicate /gene - fabD_1 fabD_2
[14:47:41] Fixed 4 duplicate /gene - norR_1 norR_2 norR_3 norR_4
[14:47:41] Fixed 2 duplicate /gene - sgrR_1 sgrR_2
[14:47:41] Fixed 2 duplicate /gene - oppF_1 oppF_2
[14:47:41] Fixed 2 duplicate /gene - yhhS_1 yhhS_2
[14:47:41] Fixed 2 duplicate /gene - uxuA_1 uxuA_2
[14:47:41] Fixed 3 duplicate /gene - citG_1 citG_2 citG_3
[14:47:41] Fixed 5 duplicate /gene - tcyJ_1 tcyJ_2 tcyJ_3 tcyJ_4 tcyJ_5
[14:47:41] Fixed 2 duplicate /gene - bioH_1 bioH_2
[14:47:41] Fixed 2 duplicate /gene - yagG_1 yagG_2
[14:47:41] Fixed 2 duplicate /gene - dmsC_1 dmsC_2
[14:47:41] Fixed 2 duplicate /gene - yohK_1 yohK_2
[14:47:41] Fixed 2 duplicate /gene - hsrA_1 hsrA_2
[14:47:41] Fixed 2 duplicate /gene - kduD_1 kduD_2
[14:47:41] Fixed 4 duplicate /gene - hipO_1 hipO_2 hipO_3 hipO_4
[14:47:41] Fixed 7 duplicate /gene - licC_1 licC_2 licC_3 licC_4 licC_5 licC_6 licC_7
[14:47:41] Fixed 2 duplicate /gene - ppiC_1 ppiC_2
[14:47:41] Fixed 6 duplicate /gene - pgrR_1 pgrR_2 pgrR_3 pgrR_4 pgrR_5 pgrR_6
[14:47:41] Fixed 2 duplicate /gene - yghA_1 yghA_2
[14:47:41] Fixed 2 duplicate /gene - codA_1 codA_2
[14:47:41] Fixed 2 duplicate /gene - aspT_1 aspT_2
[14:47:41] Fixed 4 duplicate /gene - ulaA_1 ulaA_2 ulaA_3 ulaA_4
[14:47:41] Fixed 2 duplicate /gene - betB_1 betB_2
[14:47:41] Fixed 3 duplicate /gene - iprA_1 iprA_2 iprA_3
[14:47:41] Fixed 2 duplicate /gene - csbX_1 csbX_2
[14:47:41] Fixed 2 duplicate /gene - gmuD_1 gmuD_2
[14:47:41] Fixed 3 duplicate /gene - ttuB_1 ttuB_2 ttuB_3
[14:47:41] Fixed 5 duplicate /gene - nimR_1 nimR_2 nimR_3 nimR_4 nimR_5
[14:47:41] Fixed 2 duplicate /gene - bcsQ_1 bcsQ_2
[14:47:41] Fixed 3 duplicate /gene - ssuB_1 ssuB_2 ssuB_3
[14:47:41] Fixed 2 duplicate /gene - hpcE_1 hpcE_2
[14:47:41] Fixed 2 duplicate /gene - lldD_1 lldD_2
[14:47:41] Fixed 2 duplicate /gene - qorA_1 qorA_2
[14:47:41] Fixed 3 duplicate /gene - gltR_1 gltR_2 gltR_3
[14:47:41] Fixed 2 duplicate /gene - cmoO_1 cmoO_2
[14:47:41] Fixed 4 duplicate /gene - mdtA_1 mdtA_2 mdtA_3 mdtA_4
[14:47:41] Fixed 3 duplicate /gene - rob_1 rob_2 rob_3
[14:47:41] Fixed 3 duplicate /gene - ulaC_1 ulaC_2 ulaC_3
[14:47:41] Fixed 3 duplicate /gene - dppB_1 dppB_2 dppB_3
[14:47:41] Fixed 2 duplicate /gene - hpf_1 hpf_2
[14:47:41] Fixed 2 duplicate /gene - rutB_1 rutB_2
[14:47:41] Fixed 2 duplicate /gene - ramA_1 ramA_2
[14:47:41] Fixed 2 duplicate /gene - htrE_1 htrE_2
[14:47:41] Fixed 2 duplicate /gene - nagC_1 nagC_2
[14:47:41] Fixed 2 duplicate /gene - fbaA_1 fbaA_2
[14:47:41] Fixed 2 duplicate /gene - sad_1 sad_2
[14:47:41] Fixed 2 duplicate /gene - cysH_1 cysH_2
[14:47:41] Fixed 2 duplicate /gene - dmsA_1 dmsA_2
[14:47:41] Fixed 2 duplicate /gene - citB_1 citB_2
[14:47:41] Fixed 2 duplicate /gene - pspF_1 pspF_2
[14:47:41] Fixed 2 duplicate /gene - oprM_1 oprM_2
[14:47:41] Fixed 2 duplicate /gene - blc_1 blc_2
[14:47:41] Fixed 2 duplicate /gene - yraI_1 yraI_2
[14:47:41] Fixed 2 duplicate /gene - btuF_1 btuF_2
[14:47:41] Fixed 2 duplicate /gene - shiA_1 shiA_2
[14:47:41] Fixed 2 duplicate /gene - cdaR_1 cdaR_2
[14:47:41] Fixed 2 duplicate /gene - iolU_1 iolU_2
[14:47:41] Fixed 2 duplicate /gene - acrB_1 acrB_2
[14:47:41] Fixed 2 duplicate /gene - norG_1 norG_2
[14:47:41] Fixed 2 duplicate /gene - bepA_1 bepA_2
[14:47:41] Fixed 3 duplicate /gene - yadV_1 yadV_2 yadV_3
[14:47:41] Fixed 2 duplicate /gene - artQ_1 artQ_2
[14:47:41] Fixed 4 duplicate /gene - betI_1 betI_2 betI_3 betI_4
[14:47:41] Fixed 5 duplicate /gene - rhaR_1 rhaR_2 rhaR_3 rhaR_4 rhaR_5
[14:47:41] Fixed 3 duplicate /gene - bla_1 bla_2 bla_3
[14:47:41] Fixed 2 duplicate /gene - ghrA_1 ghrA_2
[14:47:41] Fixed 2 duplicate /gene - dgoK_1 dgoK_2
[14:47:41] Fixed 2 duplicate /gene - araC_1 araC_2
[14:47:41] Fixed 2 duplicate /gene - lysN_1 lysN_2
[14:47:41] Fixed 2 duplicate /gene - bcsB_1 bcsB_2
[14:47:41] Fixed 2 duplicate /gene - nlpD_1 nlpD_2
[14:47:41] Fixed 2 duplicate /gene - murQ_1 murQ_2
[14:47:41] Fixed 2 duplicate /gene - gdhA_1 gdhA_2
[14:47:41] Fixed 2 duplicate /gene - ppa_1 ppa_2
[14:47:41] Fixed 2 duplicate /gene - rbn_1 rbn_2
[14:47:41] Fixed 2 duplicate /gene - tssB1_1 tssB1_2
[14:47:41] Fixed 2 duplicate /gene - ribZ_1 ribZ_2
[14:47:41] Fixed 2 duplicate /gene - yeaX_1 yeaX_2
[14:47:41] Fixed 2 duplicate /gene - pdxA2_1 pdxA2_2
[14:47:41] Fixed 2 duplicate /gene - nudK_1 nudK_2
[14:47:41] Fixed 3 duplicate /gene - slyA_1 slyA_2 slyA_3
[14:47:41] Fixed 3 duplicate /gene - garK_1 garK_2 garK_3
[14:47:41] Fixed 2 duplicate /gene - fumB_1 fumB_2
[14:47:41] Fixed 4 duplicate /gene - rbsK_1 rbsK_2 rbsK_3 rbsK_4
[14:47:41] Fixed 2 duplicate /gene - artJ_1 artJ_2
[14:47:41] Fixed 2 duplicate /gene - eutB_1 eutB_2
[14:47:41] Fixed 2 duplicate /gene - gabD_1 gabD_2
[14:47:41] Fixed 2 duplicate /gene - xylA_1 xylA_2
[14:47:41] Fixed 3 duplicate /gene - tcyL_1 tcyL_2 tcyL_3
[14:47:41] Fixed 2 duplicate /gene - aaeB_1 aaeB_2
[14:47:41] Fixed 2 duplicate /gene - argE_1 argE_2
[14:47:41] Fixed 3 duplicate /gene - sotB_1 sotB_2 sotB_3
[14:47:41] Fixed 2 duplicate /gene - lsrD_1 lsrD_2
[14:47:41] Fixed 2 duplicate /gene - ydgJ_1 ydgJ_2
[14:47:41] Fixed 2 duplicate /gene - ydhP_1 ydhP_2
[14:47:41] Fixed 3 duplicate /gene - ridA_1 ridA_2 ridA_3
[14:47:41] Fixed 3 duplicate /gene - sorB_1 sorB_2 sorB_3
[14:47:41] Fixed 2 duplicate /gene - mngR_1 mngR_2
[14:47:41] Fixed 2 duplicate /gene - nodD2_1 nodD2_2
[14:47:41] Fixed 2 duplicate /gene - ompA_1 ompA_2
[14:47:41] Fixed 2 duplicate /gene - cusC_1 cusC_2
[14:47:41] Fixed 2 duplicate /gene - recF_1 recF_2
[14:47:41] Fixed 2 duplicate /gene - nupC_1 nupC_2
[14:47:41] Fixed 5 duplicate /gene - gcvA_1 gcvA_2 gcvA_3 gcvA_4 gcvA_5
[14:47:41] Fixed 2 duplicate /gene - ydfK_1 ydfK_2
[14:47:41] Fixed 5 duplicate /gene - glnQ_1 glnQ_2 glnQ_3 glnQ_4 glnQ_5
[14:47:41] Fixed 2 duplicate /gene - rppH_1 rppH_2
[14:47:41] Fixed 2 duplicate /gene - carA_1 carA_2
[14:47:41] Fixed 3 duplicate /gene - nepI_1 nepI_2 nepI_3
[14:47:41] Fixed 2 duplicate /gene - gltJ_1 gltJ_2
[14:47:41] Fixed 2 duplicate /gene - ybdG_1 ybdG_2
[14:47:41] Fixed 2 duplicate /gene - sutR_1 sutR_2
[14:47:41] Fixed 2 duplicate /gene - purR_1 purR_2
[14:47:41] Fixed 4 duplicate /gene - aaeR_1 aaeR_2 aaeR_3 aaeR_4
[14:47:41] Fixed 3 duplicate /gene - pduJ_1 pduJ_2 pduJ_3
[14:47:41] Fixed 2 duplicate /gene - bglF_1 bglF_2
[14:47:41] Fixed 2 duplicate /gene - guaD_1 guaD_2
[14:47:41] Fixed 2 duplicate /gene - gsiA_1 gsiA_2
[14:47:41] Fixed 2 duplicate /gene - mgtE_1 mgtE_2
[14:47:41] Fixed 2 duplicate /gene - metC_1 metC_2
[14:47:41] Fixed 2 duplicate /gene - astD_1 astD_2
[14:47:41] Fixed 2 duplicate /gene - ptxR_1 ptxR_2
[14:47:41] Fixed 3 duplicate /gene - dppF_1 dppF_2 dppF_3
[14:47:41] Fixed 2 duplicate /gene - umuD_1 umuD_2
[14:47:41] Fixed 2 duplicate /gene - ydiB_1 ydiB_2
[14:47:41] Fixed 2 duplicate /gene - mepS_1 mepS_2
[14:47:41] Fixed 2 duplicate /gene - gntR_1 gntR_2
[14:47:41] Fixed 2 duplicate /gene - ada_1 ada_2
[14:47:41] Fixed 2 duplicate /gene - ygaZ_1 ygaZ_2
[14:47:41] Fixed 4 duplicate /gene - hdfR_1 hdfR_2 hdfR_3 hdfR_4
[14:47:41] Fixed 3 duplicate /gene - mglA_1 mglA_2 mglA_3
[14:47:41] Fixed 2 duplicate /gene - yabI_1 yabI_2
[14:47:41] Fixed 2 duplicate /gene - tyrB_1 tyrB_2
[14:47:41] Fixed 3 duplicate /gene - argP_1 argP_2 argP_3
[14:47:41] Fixed 2 duplicate /gene - sacP_1 sacP_2
[14:47:41] Fixed 2 duplicate /gene - bioD1_1 bioD1_2
[14:47:41] Fixed 2 duplicate /gene - dsbD_1 dsbD_2
[14:47:41] Fixed 3 duplicate /gene - suhB_1 suhB_2 suhB_3
[14:47:41] Fixed 3 duplicate /gene - bglH_1 bglH_2 bglH_3
[14:47:41] Fixed 2 duplicate /gene - lacI_1 lacI_2
[14:47:41] Fixed 3 duplicate /gene - fruA_1 fruA_2 fruA_3
[14:47:41] Fixed 2 duplicate /gene - mdtM_1 mdtM_2
[14:47:41] Fixed 2 duplicate /gene - acrR_1 acrR_2
[14:47:41] Fixed 3 duplicate /gene - gsiC_1 gsiC_2 gsiC_3
[14:47:41] Fixed 2 duplicate /gene - cobT_1 cobT_2
[14:47:41] Fixed 5 duplicate /gene - malP_1 malP_2 malP_3 malP_4 malP_5
[14:47:41] Fixed 2 duplicate /gene - por_1 por_2
[14:47:41] Fixed 3 duplicate /gene - rimI_1 rimI_2 rimI_3
[14:47:41] Fixed 3 duplicate /gene - glnH_1 glnH_2 glnH_3
[14:47:41] Fixed 2 duplicate /gene - oadG_1 oadG_2
[14:47:41] Fixed 2 duplicate /gene - cobC_1 cobC_2
[14:47:41] Fixed 2 duplicate /gene - ulaB_1 ulaB_2
[14:47:41] Fixed 3 duplicate /gene - dam_1 dam_2 dam_3
[14:47:41] Fixed 2 duplicate /gene - rutC_1 rutC_2
[14:47:41] Fixed 2 duplicate /gene - cds1_1 cds1_2
[14:47:41] Fixed 2 duplicate /gene - ybhR_1 ybhR_2
[14:47:41] Fixed 2 duplicate /gene - lrhA_1 lrhA_2
[14:47:41] Fixed 5 duplicate /gene - yajO_1 yajO_2 yajO_3 yajO_4 yajO_5
[14:47:41] Fixed 4 duplicate /gene - rbsR_1 rbsR_2 rbsR_3 rbsR_4
[14:47:41] Fixed 2 duplicate /gene - kdgK_1 kdgK_2
[14:47:41] Fixed 3 duplicate /gene - talB_1 talB_2 talB_3
[14:47:41] Fixed 6 duplicate /gene - cynR_1 cynR_2 cynR_3 cynR_4 cynR_5 cynR_6
[14:47:41] Fixed 2 duplicate /gene - glpF_1 glpF_2
[14:47:41] Fixed 2 duplicate /gene - ftsI_1 ftsI_2
[14:47:41] Fixed 2 duplicate /gene - glpT_1 glpT_2
[14:47:41] Fixed 3 duplicate /gene - frlB_1 frlB_2 frlB_3
[14:47:41] Fixed 2 duplicate /gene - zapE_1 zapE_2
[14:47:41] Fixed 2 duplicate /gene - sdaC_1 sdaC_2
[14:47:41] Fixed 2 duplicate /gene - hxpB_1 hxpB_2
[14:47:41] Fixed 2 duplicate /gene - ssuC_1 ssuC_2
[14:47:41] Fixed 2 duplicate /gene - lyx_1 lyx_2
[14:47:41] Fixed 3 duplicate /gene - xerC_1 xerC_2 xerC_3
[14:47:41] Fixed 2 duplicate /gene - dauA_1 dauA_2
[14:47:41] Fixed 3 duplicate /gene - bglA_1 bglA_2 bglA_3
[14:47:41] Fixed 2 duplicate /gene - proP_1 proP_2
[14:47:41] Fixed 2 duplicate /gene - agp_1 agp_2
[14:47:41] Fixed 3 duplicate /gene - tsaR_1 tsaR_2 tsaR_3
[14:47:41] Fixed 2 duplicate /gene - emrA_1 emrA_2
[14:47:41] Fixed 2 duplicate /gene - ftnA_1 ftnA_2
[14:47:41] Fixed 2 duplicate /gene - tenA_1 tenA_2
[14:47:41] Fixed 2 duplicate /gene - dmsB_1 dmsB_2
[14:47:41] Fixed 2 duplicate /gene - trmL_1 trmL_2
[14:47:41] Fixed 2 duplicate /gene - pckA_1 pckA_2
[14:47:41] Fixed 2 duplicate /gene - fabF_1 fabF_2
[14:47:41] Fixed 2 duplicate /gene - lsrB_1 lsrB_2
[14:47:41] Fixed 2 duplicate /gene - msuD_1 msuD_2
[14:47:41] Fixed 2 duplicate /gene - dppA_1 dppA_2
[14:47:41] Fixed 2 duplicate /gene - topA_1 topA_2
[14:47:41] Fixed 2 duplicate /gene - bcr_1 bcr_2
[14:47:41] Fixed 3 duplicate /gene - ssuA_1 ssuA_2 ssuA_3
[14:47:41] Fixed 2 duplicate /gene - mqo_1 mqo_2
[14:47:41] Fixed 2 duplicate /gene - amaB_1 amaB_2
[14:47:41] Fixed 2 duplicate /gene - pgl_1 pgl_2
[14:47:41] Fixed 2 duplicate /gene - tehA_1 tehA_2
[14:47:41] Fixed 2 duplicate /gene - ycaD_1 ycaD_2
[14:47:41] Fixed 2 duplicate /gene - xylG_1 xylG_2
[14:47:41] Fixed 5 duplicate /gene - vgrG2b_1 vgrG2b_2 vgrG2b_3 vgrG2b_4 vgrG2b_5
[14:47:41] Fixed 2 duplicate /gene - dgoR_1 dgoR_2
[14:47:41] Fixed 4 duplicate /gene - menH_1 menH_2 menH_3 menH_4
[14:47:41] Fixed 2 duplicate /gene - puuB_1 puuB_2
[14:47:41] Fixed 2 duplicate /gene - rstB_1 rstB_2
[14:47:41] Fixed 2 duplicate /gene - ctpF_1 ctpF_2
[14:47:41] Fixed 2 duplicate /gene - gltA_1 gltA_2
[14:47:41] Fixed 2 duplicate /gene - cydA_1 cydA_2
[14:47:41] Fixed 3 duplicate /gene - cytR_1 cytR_2 cytR_3
[14:47:41] Fixed 2 duplicate /gene - arnC_1 arnC_2
[14:47:41] Fixed 2 duplicate /gene - lgdh_1 lgdh_2
[14:47:41] Fixed 3 duplicate /gene - adhE_1 adhE_2 adhE_3
[14:47:41] Fixed 4 duplicate /gene - gabR_1 gabR_2 gabR_3 gabR_4
[14:47:41] Fixed 2 duplicate /gene - ybdO_1 ybdO_2
[14:47:41] Fixed 2 duplicate /gene - oppD_1 oppD_2
[14:47:41] Fixed 4 duplicate /gene - iolG_1 iolG_2 iolG_3 iolG_4
[14:47:41] Fixed 2 duplicate /gene - dhaK_1 dhaK_2
[14:47:41] Fixed 2 duplicate /gene - cutC_1 cutC_2
[14:47:41] Fixed 2 duplicate /gene - pat_1 pat_2
[14:47:41] Fixed 2 duplicate /gene - malK_1 malK_2
[14:47:41] Fixed 2 duplicate /gene - ugpB_1 ugpB_2
[14:47:41] Fixed 3 duplicate /gene - lamB_1 lamB_2 lamB_3
[14:47:41] Fixed 2 duplicate /gene - fepA_1 fepA_2
[14:47:41] Fixed 3 duplicate /gene - pduO_1 pduO_2 pduO_3
[14:47:41] Fixed 2 duplicate /gene - astB_1 astB_2
[14:47:41] Fixed 2 duplicate /gene - norW_1 norW_2
[14:47:41] Fixed 4 duplicate /gene - metQ_1 metQ_2 metQ_3 metQ_4
[14:47:41] Fixed 3 duplicate /gene - gltC_1 gltC_2 gltC_3
[14:47:41] Fixed 2 duplicate /gene - yheS_1 yheS_2
[14:47:41] Fixed 2 duplicate /gene - yciE_1 yciE_2
[14:47:41] Fixed 2 duplicate /gene - astE_1 astE_2
[14:47:41] Fixed 2 duplicate /gene - nfdA_1 nfdA_2
[14:47:41] Fixed 2 duplicate /gene - rhtB_1 rhtB_2
[14:47:41] Fixed 2 duplicate /gene - fusA1_1 fusA1_2
[14:47:41] Fixed 2 duplicate /gene - alsE_1 alsE_2
[14:47:41] Fixed 2 duplicate /gene - oadA_1 oadA_2
[14:47:41] Fixed 2 duplicate /gene - leuA_1 leuA_2
[14:47:41] Fixed 5 duplicate /gene - rbsB_1 rbsB_2 rbsB_3 rbsB_4 rbsB_5
[14:47:41] Fixed 2 duplicate /gene - roxA_1 roxA_2
[14:47:41] Fixed 10 duplicate /gene - fabG_1 fabG_2 fabG_3 fabG_4 fabG_5 fabG_6 fabG_7 fabG_8 fabG_9 fabG_10
[14:47:41] Fixed 2 duplicate /gene - pyrG_1 pyrG_2
[14:47:41] Fixed 2 duplicate /gene - clcB_1 clcB_2
[14:47:41] Fixed 2 duplicate /gene - dsdC_1 dsdC_2
[14:47:41] Fixed 2 duplicate /gene - klcA_1 klcA_2
[14:47:41] Fixed 4 duplicate /gene - tssK1_1 tssK1_2 tssK1_3 tssK1_4
[14:47:41] Fixed 2 duplicate /gene - era_1 era_2
[14:47:41] Fixed 4 duplicate /gene - exuT_1 exuT_2 exuT_3 exuT_4
[14:47:41] Fixed 4 duplicate /gene - dapA_1 dapA_2 dapA_3 dapA_4
[14:47:41] Fixed 2 duplicate /gene - deoC_1 deoC_2
[14:47:41] Fixed 2 duplicate /gene - fimC_1 fimC_2
[14:47:41] Fixed 4 duplicate /gene - metI_1 metI_2 metI_3 metI_4
[14:47:41] Fixed 402 colliding /gene names.
[14:47:41] Adding /locus_tag identifiers
[14:47:41] Assigned 4986 locus_tags to CDS and RNA features.
[14:47:41] Writing outputs to 10_pangenome/annotations/SRR7345603/
[14:47:48] Generating annotation statistics file
[14:47:48] Generating Genbank and Sequin files
[14:47:48] Running: tbl2asn -V b -a r10k -l paired-ends -M n -N 1 -y 'Annotated using prokka 1.15.6 from https://github.com/tseemann/prokka' -Z 10_pangenome\/annotations\/SRR7345603\/SRR7345603\.err -i 10_pangenome\/annotations\/SRR7345603\/SRR7345603\.fsa 2> /dev/null
[14:48:25] Deleting unwanted file: 10_pangenome/annotations/SRR7345603/errorsummary.val
[14:48:25] Deleting unwanted file: 10_pangenome/annotations/SRR7345603/SRR7345603.dr
[14:48:25] Deleting unwanted file: 10_pangenome/annotations/SRR7345603/SRR7345603.fixedproducts
[14:48:25] Deleting unwanted file: 10_pangenome/annotations/SRR7345603/SRR7345603.ecn
[14:48:25] Deleting unwanted file: 10_pangenome/annotations/SRR7345603/SRR7345603.val
[14:48:25] Repairing broken .GBK output that tbl2asn produces...
[14:48:25] Running: sed 's/COORDINATES: profile/COORDINATES:profile/' < 10_pangenome\/annotations\/SRR7345603\/SRR7345603\.gbf > 10_pangenome\/annotations\/SRR7345603\/SRR7345603\.gbk
[14:48:33] Deleting unwanted file: 10_pangenome/annotations/SRR7345603/SRR7345603.gbf
[14:48:33] Output files:
[14:48:33] 10_pangenome/annotations/SRR7345603/SRR7345603.err
[14:48:33] 10_pangenome/annotations/SRR7345603/SRR7345603.faa
[14:48:33] 10_pangenome/annotations/SRR7345603/SRR7345603.ffn
[14:48:33] 10_pangenome/annotations/SRR7345603/SRR7345603.fna
[14:48:33] 10_pangenome/annotations/SRR7345603/SRR7345603.fsa
[14:48:33] 10_pangenome/annotations/SRR7345603/SRR7345603.gbk
[14:48:33] 10_pangenome/annotations/SRR7345603/SRR7345603.gff
[14:48:33] 10_pangenome/annotations/SRR7345603/SRR7345603.log
[14:48:33] 10_pangenome/annotations/SRR7345603/SRR7345603.sqn
[14:48:33] 10_pangenome/annotations/SRR7345603/SRR7345603.tbl
[14:48:33] 10_pangenome/annotations/SRR7345603/SRR7345603.tsv
[14:48:33] 10_pangenome/annotations/SRR7345603/SRR7345603.txt
[14:48:33] Annotation finished successfully.
[14:48:33] Walltime used: 11.78 minutes
[14:48:33] If you use this result please cite the Prokka paper:
[14:48:33] Seemann T (2014) Prokka: rapid prokaryotic genome annotation. Bioinformatics. 30(14):2068-9.
[14:48:33] Type 'prokka --citation' for more details.
[14:48:33] Share and enjoy!
